<?xml version="1.0" encoding="ISO-8859-1" ?>
<link_info>
   <banner>TI ARM Linker Unix v18.12.1.LTS</banner>
   <copyright>Copyright (c) 1996-2018 Texas Instruments Incorporated</copyright>
   <link_time>0x5ce2fc9e</link_time>
   <link_errors>0x0</link_errors>
   <output_file>boostxl_edumkii_accelerometer_msp432p401r_MSP_EXP432P401R_nortos_ccs.out</output_file>
   <entry_point>
      <name>_c_int00_noargs</name>
      <address>0x329d</address>
   </entry_point>
   <input_file_list>
      <input_file id="fl-2">
         <path>./</path>
         <kind>object</kind>
         <file>main.obj</file>
         <name>main.obj</name>
      </input_file>
      <input_file id="fl-3">
         <path>./</path>
         <kind>object</kind>
         <file>system_msp432p401r.obj</file>
         <name>system_msp432p401r.obj</name>
      </input_file>
      <input_file id="fl-4">
         <path>./LcdDriver/</path>
         <kind>object</kind>
         <file>Crystalfontz128x128_ST7735.obj</file>
         <name>Crystalfontz128x128_ST7735.obj</name>
      </input_file>
      <input_file id="fl-5">
         <path>./LcdDriver/</path>
         <kind>object</kind>
         <file>HAL_MSP_EXP432P401R_Crystalfontz128x128_ST7735.obj</file>
         <name>HAL_MSP_EXP432P401R_Crystalfontz128x128_ST7735.obj</name>
      </input_file>
      <input_file id="fl-6">
         <path>./ccs/</path>
         <kind>object</kind>
         <file>startup_msp432p401r_ccs.obj</file>
         <name>startup_msp432p401r_ccs.obj</name>
      </input_file>
      <input_file id="fl-11">
         <kind>object</kind>
         <file>&lt;internal&gt;</file>
         <name>&lt;internal&gt;</name>
      </input_file>
      <input_file id="fl-12">
         <path>/home/carlos/ti/simplelink_msp432p4_sdk_2_40_00_10/source/ti/grlib/lib/ccs/m4f/</path>
         <kind>archive</kind>
         <file>grlib.a</file>
         <name>context.obj</name>
      </input_file>
      <input_file id="fl-13">
         <path>/home/carlos/ti/simplelink_msp432p4_sdk_2_40_00_10/source/ti/grlib/lib/ccs/m4f/</path>
         <kind>archive</kind>
         <file>grlib.a</file>
         <name>display.obj</name>
      </input_file>
      <input_file id="fl-14">
         <path>/home/carlos/ti/simplelink_msp432p4_sdk_2_40_00_10/source/ti/grlib/lib/ccs/m4f/</path>
         <kind>archive</kind>
         <file>grlib.a</file>
         <name>fontfixed6x8.obj</name>
      </input_file>
      <input_file id="fl-15">
         <path>/home/carlos/ti/simplelink_msp432p4_sdk_2_40_00_10/source/ti/grlib/lib/ccs/m4f/</path>
         <kind>archive</kind>
         <file>grlib.a</file>
         <name>string.obj</name>
      </input_file>
      <input_file id="fl-16">
         <path>/home/carlos/ti/simplelink_msp432p4_sdk_2_40_00_10/source/ti/grlib/lib/ccs/m4f/</path>
         <kind>archive</kind>
         <file>grlib.a</file>
         <name>line.obj</name>
      </input_file>
      <input_file id="fl-17">
         <path>/home/carlos/ti/simplelink_msp432p4_sdk_2_40_00_10/source/ti/devices/msp432p4xx/driverlib/ccs/</path>
         <kind>archive</kind>
         <file>msp432p4xx_driverlib.lib</file>
         <name>adc14.o</name>
      </input_file>
      <input_file id="fl-18">
         <path>/home/carlos/ti/simplelink_msp432p4_sdk_2_40_00_10/source/ti/devices/msp432p4xx/driverlib/ccs/</path>
         <kind>archive</kind>
         <file>msp432p4xx_driverlib.lib</file>
         <name>gpio.o</name>
      </input_file>
      <input_file id="fl-19">
         <path>/home/carlos/ti/simplelink_msp432p4_sdk_2_40_00_10/source/ti/devices/msp432p4xx/driverlib/ccs/</path>
         <kind>archive</kind>
         <file>msp432p4xx_driverlib.lib</file>
         <name>interrupt.o</name>
      </input_file>
      <input_file id="fl-1a">
         <path>/home/carlos/ti/simplelink_msp432p4_sdk_2_40_00_10/source/ti/devices/msp432p4xx/driverlib/ccs/</path>
         <kind>archive</kind>
         <file>msp432p4xx_driverlib.lib</file>
         <name>spi.o</name>
      </input_file>
      <input_file id="fl-1b">
         <path>/home/carlos/ti/simplelink_msp432p4_sdk_2_40_00_10/source/ti/devices/msp432p4xx/driverlib/ccs/</path>
         <kind>archive</kind>
         <file>msp432p4xx_driverlib.lib</file>
         <name>cpu.o</name>
      </input_file>
      <input_file id="fl-d1">
         <path>/home/carlos/ti/ccs901/ccs/tools/compiler/ti-cgt-arm_18.12.1.LTS/lib/</path>
         <kind>archive</kind>
         <file>rtsv7M4_T_le_v4SPD16_eabi.lib</file>
         <name>sprintf.c.obj</name>
      </input_file>
      <input_file id="fl-d2">
         <path>/home/carlos/ti/ccs901/ccs/tools/compiler/ti-cgt-arm_18.12.1.LTS/lib/</path>
         <kind>archive</kind>
         <file>rtsv7M4_T_le_v4SPD16_eabi.lib</file>
         <name>memcpy_t2.asm.obj</name>
      </input_file>
      <input_file id="fl-d3">
         <path>/home/carlos/ti/ccs901/ccs/tools/compiler/ti-cgt-arm_18.12.1.LTS/lib/</path>
         <kind>archive</kind>
         <file>rtsv7M4_T_le_v4SPD16_eabi.lib</file>
         <name>copy_zero_init.c.obj</name>
      </input_file>
      <input_file id="fl-d4">
         <path>/home/carlos/ti/ccs901/ccs/tools/compiler/ti-cgt-arm_18.12.1.LTS/lib/</path>
         <kind>archive</kind>
         <file>rtsv7M4_T_le_v4SPD16_eabi.lib</file>
         <name>copy_decompress_none.c.obj</name>
      </input_file>
      <input_file id="fl-d5">
         <path>/home/carlos/ti/ccs901/ccs/tools/compiler/ti-cgt-arm_18.12.1.LTS/lib/</path>
         <kind>archive</kind>
         <file>rtsv7M4_T_le_v4SPD16_eabi.lib</file>
         <name>copy_decompress_lzss.c.obj</name>
      </input_file>
      <input_file id="fl-d6">
         <path>/home/carlos/ti/ccs901/ccs/tools/compiler/ti-cgt-arm_18.12.1.LTS/lib/</path>
         <kind>archive</kind>
         <file>rtsv7M4_T_le_v4SPD16_eabi.lib</file>
         <name>boot_cortex_m.c.obj</name>
      </input_file>
      <input_file id="fl-d7">
         <path>/home/carlos/ti/ccs901/ccs/tools/compiler/ti-cgt-arm_18.12.1.LTS/lib/</path>
         <kind>archive</kind>
         <file>rtsv7M4_T_le_v4SPD16_eabi.lib</file>
         <name>_printfi.c.obj</name>
      </input_file>
      <input_file id="fl-d8">
         <path>/home/carlos/ti/ccs901/ccs/tools/compiler/ti-cgt-arm_18.12.1.LTS/lib/</path>
         <kind>archive</kind>
         <file>rtsv7M4_T_le_v4SPD16_eabi.lib</file>
         <name>s_frexp.c.obj</name>
      </input_file>
      <input_file id="fl-d9">
         <path>/home/carlos/ti/ccs901/ccs/tools/compiler/ti-cgt-arm_18.12.1.LTS/lib/</path>
         <kind>archive</kind>
         <file>rtsv7M4_T_le_v4SPD16_eabi.lib</file>
         <name>s_scalbn.c.obj</name>
      </input_file>
      <input_file id="fl-da">
         <path>/home/carlos/ti/ccs901/ccs/tools/compiler/ti-cgt-arm_18.12.1.LTS/lib/</path>
         <kind>archive</kind>
         <file>rtsv7M4_T_le_v4SPD16_eabi.lib</file>
         <name>s_copysign.c.obj</name>
      </input_file>
      <input_file id="fl-db">
         <path>/home/carlos/ti/ccs901/ccs/tools/compiler/ti-cgt-arm_18.12.1.LTS/lib/</path>
         <kind>archive</kind>
         <file>rtsv7M4_T_le_v4SPD16_eabi.lib</file>
         <name>ull_div_t2.asm.obj</name>
      </input_file>
      <input_file id="fl-dc">
         <path>/home/carlos/ti/ccs901/ccs/tools/compiler/ti-cgt-arm_18.12.1.LTS/lib/</path>
         <kind>archive</kind>
         <file>rtsv7M4_T_le_v4SPD16_eabi.lib</file>
         <name>fd_add_t2.asm.obj</name>
      </input_file>
      <input_file id="fl-dd">
         <path>/home/carlos/ti/ccs901/ccs/tools/compiler/ti-cgt-arm_18.12.1.LTS/lib/</path>
         <kind>archive</kind>
         <file>rtsv7M4_T_le_v4SPD16_eabi.lib</file>
         <name>fd_cmp_t2.asm.obj</name>
      </input_file>
      <input_file id="fl-de">
         <path>/home/carlos/ti/ccs901/ccs/tools/compiler/ti-cgt-arm_18.12.1.LTS/lib/</path>
         <kind>archive</kind>
         <file>rtsv7M4_T_le_v4SPD16_eabi.lib</file>
         <name>fd_div_t2.asm.obj</name>
      </input_file>
      <input_file id="fl-df">
         <path>/home/carlos/ti/ccs901/ccs/tools/compiler/ti-cgt-arm_18.12.1.LTS/lib/</path>
         <kind>archive</kind>
         <file>rtsv7M4_T_le_v4SPD16_eabi.lib</file>
         <name>fd_mul_t2.asm.obj</name>
      </input_file>
      <input_file id="fl-e0">
         <path>/home/carlos/ti/ccs901/ccs/tools/compiler/ti-cgt-arm_18.12.1.LTS/lib/</path>
         <kind>archive</kind>
         <file>rtsv7M4_T_le_v4SPD16_eabi.lib</file>
         <name>fd_toi_t2.asm.obj</name>
      </input_file>
      <input_file id="fl-e1">
         <path>/home/carlos/ti/ccs901/ccs/tools/compiler/ti-cgt-arm_18.12.1.LTS/lib/</path>
         <kind>archive</kind>
         <file>rtsv7M4_T_le_v4SPD16_eabi.lib</file>
         <name>i_tofd_t2.asm.obj</name>
      </input_file>
      <input_file id="fl-e2">
         <path>/home/carlos/ti/ccs901/ccs/tools/compiler/ti-cgt-arm_18.12.1.LTS/lib/</path>
         <kind>archive</kind>
         <file>rtsv7M4_T_le_v4SPD16_eabi.lib</file>
         <name>memset_t2.asm.obj</name>
      </input_file>
      <input_file id="fl-e3">
         <path>/home/carlos/ti/ccs901/ccs/tools/compiler/ti-cgt-arm_18.12.1.LTS/lib/</path>
         <kind>archive</kind>
         <file>rtsv7M4_T_le_v4SPD16_eabi.lib</file>
         <name>autoinit.c.obj</name>
      </input_file>
      <input_file id="fl-e4">
         <path>/home/carlos/ti/ccs901/ccs/tools/compiler/ti-cgt-arm_18.12.1.LTS/lib/</path>
         <kind>archive</kind>
         <file>rtsv7M4_T_le_v4SPD16_eabi.lib</file>
         <name>pre_init.c.obj</name>
      </input_file>
      <input_file id="fl-e5">
         <path>/home/carlos/ti/ccs901/ccs/tools/compiler/ti-cgt-arm_18.12.1.LTS/lib/</path>
         <kind>archive</kind>
         <file>rtsv7M4_T_le_v4SPD16_eabi.lib</file>
         <name>cpy_tbl.c.obj</name>
      </input_file>
      <input_file id="fl-e6">
         <path>/home/carlos/ti/ccs901/ccs/tools/compiler/ti-cgt-arm_18.12.1.LTS/lib/</path>
         <kind>archive</kind>
         <file>rtsv7M4_T_le_v4SPD16_eabi.lib</file>
         <name>exit.c.obj</name>
      </input_file>
      <input_file id="fl-e7">
         <path>/home/carlos/ti/ccs901/ccs/tools/compiler/ti-cgt-arm_18.12.1.LTS/lib/</path>
         <kind>archive</kind>
         <file>rtsv7M4_T_le_v4SPD16_eabi.lib</file>
         <name>_lock.c.obj</name>
      </input_file>
      <input_file id="fl-e8">
         <path>/home/carlos/ti/ccs901/ccs/tools/compiler/ti-cgt-arm_18.12.1.LTS/lib/</path>
         <kind>archive</kind>
         <file>rtsv7M4_T_le_v4SPD16_eabi.lib</file>
         <name>args_main.c.obj</name>
      </input_file>
      <input_file id="fl-e9">
         <path>/home/carlos/ti/ccs901/ccs/tools/compiler/ti-cgt-arm_18.12.1.LTS/lib/</path>
         <kind>archive</kind>
         <file>rtsv7M4_T_le_v4SPD16_eabi.lib</file>
         <name>atoi.c.obj</name>
      </input_file>
      <input_file id="fl-ea">
         <path>/home/carlos/ti/ccs901/ccs/tools/compiler/ti-cgt-arm_18.12.1.LTS/lib/</path>
         <kind>archive</kind>
         <file>rtsv7M4_T_le_v4SPD16_eabi.lib</file>
         <name>ctype.c.obj</name>
      </input_file>
      <input_file id="fl-eb">
         <path>/home/carlos/ti/ccs901/ccs/tools/compiler/ti-cgt-arm_18.12.1.LTS/lib/</path>
         <kind>archive</kind>
         <file>rtsv7M4_T_le_v4SPD16_eabi.lib</file>
         <name>ltoa.c.obj</name>
      </input_file>
      <input_file id="fl-ec">
         <path>/home/carlos/ti/ccs901/ccs/tools/compiler/ti-cgt-arm_18.12.1.LTS/lib/</path>
         <kind>archive</kind>
         <file>rtsv7M4_T_le_v4SPD16_eabi.lib</file>
         <name>memccpy.c.obj</name>
      </input_file>
      <input_file id="fl-ed">
         <path>/home/carlos/ti/ccs901/ccs/tools/compiler/ti-cgt-arm_18.12.1.LTS/lib/</path>
         <kind>archive</kind>
         <file>rtsv7M4_T_le_v4SPD16_eabi.lib</file>
         <name>strchr.c.obj</name>
      </input_file>
      <input_file id="fl-ee">
         <path>/home/carlos/ti/ccs901/ccs/tools/compiler/ti-cgt-arm_18.12.1.LTS/lib/</path>
         <kind>archive</kind>
         <file>rtsv7M4_T_le_v4SPD16_eabi.lib</file>
         <name>strlen.c.obj</name>
      </input_file>
      <input_file id="fl-ef">
         <path>/home/carlos/ti/ccs901/ccs/tools/compiler/ti-cgt-arm_18.12.1.LTS/lib/</path>
         <kind>archive</kind>
         <file>rtsv7M4_T_le_v4SPD16_eabi.lib</file>
         <name>errno.c.obj</name>
      </input_file>
      <input_file id="fl-f0">
         <path>/home/carlos/ti/ccs901/ccs/tools/compiler/ti-cgt-arm_18.12.1.LTS/lib/</path>
         <kind>archive</kind>
         <file>rtsv7M4_T_le_v4SPD16_eabi.lib</file>
         <name>wcslen.c.obj</name>
      </input_file>
      <input_file id="fl-f1">
         <path>/home/carlos/ti/ccs901/ccs/tools/compiler/ti-cgt-arm_18.12.1.LTS/lib/</path>
         <kind>archive</kind>
         <file>rtsv7M4_T_le_v4SPD16_eabi.lib</file>
         <name>div0.asm.obj</name>
      </input_file>
   </input_file_list>
   <object_component_list>
      <object_component id="oc-23">
         <name>.intvecs:retain</name>
         <load_address>0x0</load_address>
         <run_address>0x0</run_address>
         <size>0xe4</size>
         <input_file_ref idref="fl-6"/>
      </object_component>
      <object_component id="oc-298">
         <name>.text:__TI_printfi</name>
         <load_address>0xe4</load_address>
         <run_address>0xe4</run_address>
         <size>0xa4e</size>
         <input_file_ref idref="fl-d7"/>
      </object_component>
      <object_component id="oc-290">
         <name>.text:Graphics_drawString</name>
         <load_address>0xb32</load_address>
         <run_address>0xb32</run_address>
         <size>0x47e</size>
         <input_file_ref idref="fl-15"/>
      </object_component>
      <object_component id="oc-360">
         <name>.text:_pconv_a</name>
         <load_address>0xfb0</load_address>
         <run_address>0xfb0</run_address>
         <size>0x270</size>
         <input_file_ref idref="fl-d7"/>
      </object_component>
      <object_component id="oc-22b">
         <name>.text:_ZN52_INTERNAL_30_Crystalfontz128x128_ST7735_cpp_acdafc1437Crystalfontz128x128_PixelDrawMultipleEPK16Graphics_DisplaysssssPKhPKj</name>
         <load_address>0x1220</load_address>
         <run_address>0x1220</run_address>
         <size>0x1d8</size>
         <input_file_ref idref="fl-4"/>
      </object_component>
      <object_component id="oc-34e">
         <name>.text:_pconv_g</name>
         <load_address>0x13f8</load_address>
         <run_address>0x13f8</run_address>
         <size>0x1d0</size>
         <input_file_ref idref="fl-d7"/>
      </object_component>
      <object_component id="oc-3f5">
         <name>.text</name>
         <load_address>0x15c8</load_address>
         <run_address>0x15c8</run_address>
         <size>0x1b6</size>
         <input_file_ref idref="fl-dc"/>
      </object_component>
      <object_component id="oc-6a">
         <name>.text:Default_Handler</name>
         <load_address>0x177e</load_address>
         <run_address>0x177e</run_address>
         <size>0x2</size>
         <input_file_ref idref="fl-6"/>
      </object_component>
      <object_component id="oc-9c">
         <name>.text:main</name>
         <load_address>0x1780</load_address>
         <run_address>0x1780</run_address>
         <size>0x1b4</size>
         <input_file_ref idref="fl-2"/>
      </object_component>
      <object_component id="oc-162">
         <name>.text:_getIndexForMemRegister</name>
         <load_address>0x1934</load_address>
         <run_address>0x1934</run_address>
         <size>0x160</size>
         <input_file_ref idref="fl-17"/>
      </object_component>
      <object_component id="oc-35a">
         <name>.text:_pconv_e</name>
         <load_address>0x1a94</load_address>
         <run_address>0x1a94</run_address>
         <size>0x13c</size>
         <input_file_ref idref="fl-d7"/>
      </object_component>
      <object_component id="oc-3db">
         <name>.text</name>
         <load_address>0x1bd0</load_address>
         <run_address>0x1bd0</run_address>
         <size>0x136</size>
         <input_file_ref idref="fl-de"/>
      </object_component>
      <object_component id="oc-45f">
         <name>.text</name>
         <load_address>0x1d06</load_address>
         <run_address>0x1d06</run_address>
         <size>0x2</size>
         <input_file_ref idref="fl-f1"/>
      </object_component>
      <object_component id="oc-204">
         <name>.text:_Z32Crystalfontz128x128_SetDrawFrametttt</name>
         <load_address>0x1d08</load_address>
         <run_address>0x1d08</run_address>
         <size>0x134</size>
         <input_file_ref idref="fl-4"/>
      </object_component>
      <object_component id="oc-f2">
         <name>.text:_Z24Crystalfontz128x128_Initv</name>
         <load_address>0x1e3c</load_address>
         <run_address>0x1e3c</run_address>
         <size>0x12c</size>
         <input_file_ref idref="fl-4"/>
      </object_component>
      <object_component id="oc-407">
         <name>.text:fcvt</name>
         <load_address>0x1f68</load_address>
         <run_address>0x1f68</run_address>
         <size>0x124</size>
         <input_file_ref idref="fl-d7"/>
      </object_component>
      <object_component id="oc-41b">
         <name>.text:scalbn</name>
         <load_address>0x208c</load_address>
         <run_address>0x208c</run_address>
         <size>0x110</size>
         <input_file_ref idref="fl-d9"/>
      </object_component>
      <object_component id="oc-3d6">
         <name>.text</name>
         <load_address>0x219c</load_address>
         <run_address>0x219c</run_address>
         <size>0xfc</size>
         <input_file_ref idref="fl-df"/>
      </object_component>
      <object_component id="oc-28a">
         <name>.text:Graphics_getStringWidth</name>
         <load_address>0x2298</load_address>
         <run_address>0x2298</run_address>
         <size>0xfa</size>
         <input_file_ref idref="fl-15"/>
      </object_component>
      <object_component id="oc-70">
         <name>.text:ADC14_IRQHandler</name>
         <load_address>0x2394</load_address>
         <run_address>0x2394</run_address>
         <size>0xf8</size>
         <input_file_ref idref="fl-2"/>
      </object_component>
      <object_component id="oc-343">
         <name>.text:_ltostr</name>
         <load_address>0x248c</load_address>
         <run_address>0x248c</run_address>
         <size>0xb1</size>
         <input_file_ref idref="fl-d7"/>
      </object_component>
      <object_component id="oc-2ca">
         <name>.text:SPI_initMaster</name>
         <load_address>0x253e</load_address>
         <run_address>0x253e</run_address>
         <size>0xb0</size>
         <input_file_ref idref="fl-1a"/>
      </object_component>
      <object_component id="oc-328">
         <name>.text:Graphics_drawLineH</name>
         <load_address>0x25ee</load_address>
         <run_address>0x25ee</run_address>
         <size>0x9c</size>
         <input_file_ref idref="fl-16"/>
      </object_component>
      <object_component id="oc-23d">
         <name>.text:_ZN52_INTERNAL_30_Crystalfontz128x128_ST7735_cpp_acdafc1428Crystalfontz128x128_RectFillEPK16Graphics_DisplayPK18Graphics_Rectanglet</name>
         <load_address>0x268a</load_address>
         <run_address>0x268a</run_address>
         <size>0x9c</size>
         <input_file_ref idref="fl-4"/>
      </object_component>
      <object_component id="oc-34">
         <name>.text</name>
         <load_address>0x2726</load_address>
         <run_address>0x2726</run_address>
         <size>0x9c</size>
         <input_file_ref idref="fl-d2"/>
      </object_component>
      <object_component id="oc-3cf">
         <name>.text</name>
         <load_address>0x27c2</load_address>
         <run_address>0x27c2</run_address>
         <size>0x96</size>
         <input_file_ref idref="fl-db"/>
      </object_component>
      <object_component id="oc-c8">
         <name>.text:_Z13drawAccelDatav</name>
         <load_address>0x2858</load_address>
         <run_address>0x2858</run_address>
         <size>0x94</size>
         <input_file_ref idref="fl-2"/>
      </object_component>
      <object_component id="oc-2bd">
         <name>.text:GPIO_setAsPeripheralModuleFunctionOutputPin</name>
         <load_address>0x28ec</load_address>
         <run_address>0x28ec</run_address>
         <size>0x88</size>
         <input_file_ref idref="fl-18"/>
      </object_component>
      <object_component id="oc-349">
         <name>.text:__aeabi_cdcmple</name>
         <load_address>0x2974</load_address>
         <run_address>0x2974</run_address>
         <size>0x86</size>
         <input_file_ref idref="fl-dd"/>
      </object_component>
      <object_component id="oc-3e0">
         <name>.text:__aeabi_cdrcmple</name>
         <load_address>0x29fa</load_address>
         <run_address>0x29fa</run_address>
         <size>0x86</size>
         <input_file_ref idref="fl-dd"/>
      </object_component>
      <object_component id="oc-90">
         <name>.text</name>
         <load_address>0x2a80</load_address>
         <run_address>0x2a80</run_address>
         <size>0x7a</size>
         <input_file_ref idref="fl-e2"/>
      </object_component>
      <object_component id="oc-ae">
         <name>.text:SystemInit</name>
         <load_address>0x2afc</load_address>
         <run_address>0x2afc</run_address>
         <size>0x78</size>
         <input_file_ref idref="fl-3"/>
      </object_component>
      <object_component id="oc-400">
         <name>.text:_mcpy</name>
         <load_address>0x2b74</load_address>
         <run_address>0x2b74</run_address>
         <size>0x6e</size>
         <input_file_ref idref="fl-d7"/>
      </object_component>
      <object_component id="oc-14">
         <name>.text:decompress:lzss:__TI_decompress_lzss</name>
         <load_address>0x2be2</load_address>
         <run_address>0x2be2</run_address>
         <size>0x68</size>
         <input_file_ref idref="fl-d5"/>
      </object_component>
      <object_component id="oc-415">
         <name>.text:frexp</name>
         <load_address>0x2c4c</load_address>
         <run_address>0x2c4c</run_address>
         <size>0x64</size>
         <input_file_ref idref="fl-d8"/>
      </object_component>
      <object_component id="oc-231">
         <name>.text:_ZN52_INTERNAL_30_Crystalfontz128x128_ST7735_cpp_acdafc1429Crystalfontz128x128_LineDrawHEPK16Graphics_Displayssst</name>
         <load_address>0x2cb0</load_address>
         <run_address>0x2cb0</run_address>
         <size>0x60</size>
         <input_file_ref idref="fl-4"/>
      </object_component>
      <object_component id="oc-237">
         <name>.text:_ZN52_INTERNAL_30_Crystalfontz128x128_ST7735_cpp_acdafc1429Crystalfontz128x128_LineDrawVEPK16Graphics_Displayssst</name>
         <load_address>0x2d10</load_address>
         <run_address>0x2d10</run_address>
         <size>0x60</size>
         <input_file_ref idref="fl-4"/>
      </object_component>
      <object_component id="oc-354">
         <name>.text:_pconv_f</name>
         <load_address>0x2d70</load_address>
         <run_address>0x2d70</run_address>
         <size>0x56</size>
         <input_file_ref idref="fl-d7"/>
      </object_component>
      <object_component id="oc-bc">
         <name>.text:_Z34Crystalfontz128x128_SetOrientationh</name>
         <load_address>0x2dc8</load_address>
         <run_address>0x2dc8</run_address>
         <size>0x54</size>
         <input_file_ref idref="fl-4"/>
      </object_component>
      <object_component id="oc-3ea">
         <name>.text:ltoa</name>
         <load_address>0x2e1c</load_address>
         <run_address>0x2e1c</run_address>
         <size>0x54</size>
         <input_file_ref idref="fl-eb"/>
      </object_component>
      <object_component id="oc-f8">
         <name>.text:Graphics_initContext</name>
         <load_address>0x2e70</load_address>
         <run_address>0x2e70</run_address>
         <size>0x52</size>
         <input_file_ref idref="fl-12"/>
      </object_component>
      <object_component id="oc-3fa">
         <name>.text:_ecpy</name>
         <load_address>0x2ec2</load_address>
         <run_address>0x2ec2</run_address>
         <size>0x52</size>
         <input_file_ref idref="fl-d7"/>
      </object_component>
      <object_component id="oc-33d">
         <name>.text:atoi</name>
         <load_address>0x2f14</load_address>
         <run_address>0x2f14</run_address>
         <size>0x4c</size>
         <input_file_ref idref="fl-e9"/>
      </object_component>
      <object_component id="oc-189">
         <name>.text:Graphics_drawStringCentered</name>
         <load_address>0x2f60</load_address>
         <run_address>0x2f60</run_address>
         <size>0x48</size>
         <input_file_ref idref="fl-15"/>
      </object_component>
      <object_component id="oc-3e5">
         <name>.text</name>
         <load_address>0x2fa8</load_address>
         <run_address>0x2fa8</run_address>
         <size>0x48</size>
         <input_file_ref idref="fl-e0"/>
      </object_component>
      <object_component id="oc-12f">
         <name>.text:__TI_auto_init_nobinit_nopinit:__TI_auto_init_nobinit_nopinit</name>
         <load_address>0x2ff0</load_address>
         <run_address>0x2ff0</run_address>
         <size>0x44</size>
         <input_file_ref idref="fl-e3"/>
      </object_component>
      <object_component id="oc-2c3">
         <name>.text:GPIO_setAsOutputPin</name>
         <load_address>0x3034</load_address>
         <run_address>0x3034</run_address>
         <size>0x40</size>
         <input_file_ref idref="fl-18"/>
      </object_component>
      <object_component id="oc-322">
         <name>.text:Graphics_getNumberOfLeadingZeros</name>
         <load_address>0x3074</load_address>
         <run_address>0x3074</run_address>
         <size>0x40</size>
         <input_file_ref idref="fl-15"/>
      </object_component>
      <object_component id="oc-1f2">
         <name>.text:_Z15HAL_LCD_SpiInitv</name>
         <load_address>0x30b4</load_address>
         <run_address>0x30b4</run_address>
         <size>0x40</size>
         <input_file_ref idref="fl-5"/>
      </object_component>
      <object_component id="oc-225">
         <name>.text:_ZN52_INTERNAL_30_Crystalfontz128x128_ST7735_cpp_acdafc1429Crystalfontz128x128_PixelDrawEPK16Graphics_Displaysst</name>
         <load_address>0x30f4</load_address>
         <run_address>0x30f4</run_address>
         <size>0x40</size>
         <input_file_ref idref="fl-4"/>
      </object_component>
      <object_component id="oc-38f">
         <name>.text:is_A_Module</name>
         <load_address>0x3134</load_address>
         <run_address>0x3134</run_address>
         <size>0x40</size>
         <input_file_ref idref="fl-1a"/>
      </object_component>
      <object_component id="oc-190">
         <name>.text:sprintf</name>
         <load_address>0x3174</load_address>
         <run_address>0x3174</run_address>
         <size>0x40</size>
         <input_file_ref idref="fl-d1"/>
      </object_component>
      <object_component id="oc-40d">
         <name>.text:_fcpy</name>
         <load_address>0x31b4</load_address>
         <run_address>0x31b4</run_address>
         <size>0x3e</size>
         <input_file_ref idref="fl-d7"/>
      </object_component>
      <object_component id="oc-176">
         <name>.text:_Z20HAL_LCD_writeCommandh</name>
         <load_address>0x31f4</load_address>
         <run_address>0x31f4</run_address>
         <size>0x38</size>
         <input_file_ref idref="fl-5"/>
      </object_component>
      <object_component id="oc-c2">
         <name>.text:_Z9drawTitlev</name>
         <load_address>0x322c</load_address>
         <run_address>0x322c</run_address>
         <size>0x38</size>
         <input_file_ref idref="fl-2"/>
      </object_component>
      <object_component id="oc-3bf">
         <name>.text:Graphics_drawHorizontalLineOnDisplay</name>
         <load_address>0x3264</load_address>
         <run_address>0x3264</run_address>
         <size>0x36</size>
         <input_file_ref idref="fl-13"/>
      </object_component>
      <object_component id="oc-52">
         <name>.text:_c_int00_noargs:_c_int00_noargs</name>
         <load_address>0x329c</load_address>
         <run_address>0x329c</run_address>
         <size>0x34</size>
         <input_file_ref idref="fl-d6"/>
      </object_component>
      <object_component id="oc-1ec">
         <name>.text:_Z16HAL_LCD_PortInitv</name>
         <load_address>0x32d0</load_address>
         <run_address>0x32d0</run_address>
         <size>0x30</size>
         <input_file_ref idref="fl-5"/>
      </object_component>
      <object_component id="oc-3f0">
         <name>.text</name>
         <load_address>0x3300</load_address>
         <run_address>0x3300</run_address>
         <size>0x2e</size>
         <input_file_ref idref="fl-e1"/>
      </object_component>
      <object_component id="oc-32e">
         <name>.text:Graphics_drawPixelOnDisplay</name>
         <load_address>0x332e</load_address>
         <run_address>0x332e</run_address>
         <size>0x2c</size>
         <input_file_ref idref="fl-13"/>
      </object_component>
      <object_component id="oc-17c">
         <name>.text:_Z17HAL_LCD_writeDatah</name>
         <load_address>0x335c</load_address>
         <run_address>0x335c</run_address>
         <size>0x2c</size>
         <input_file_ref idref="fl-5"/>
      </object_component>
      <object_component id="oc-24f">
         <name>.text:_ZN52_INTERNAL_30_Crystalfontz128x128_ST7735_cpp_acdafc1431Crystalfontz128x128_ClearScreenEPK16Graphics_Displayt</name>
         <load_address>0x3388</load_address>
         <run_address>0x3388</run_address>
         <size>0x2c</size>
         <input_file_ref idref="fl-4"/>
      </object_component>
      <object_component id="oc-1fe">
         <name>.text:GPIO_setOutputHighOnPin</name>
         <load_address>0x33b4</load_address>
         <run_address>0x33b4</run_address>
         <size>0x28</size>
         <input_file_ref idref="fl-18"/>
      </object_component>
      <object_component id="oc-1f8">
         <name>.text:GPIO_setOutputLowOnPin</name>
         <load_address>0x33dc</load_address>
         <run_address>0x33dc</run_address>
         <size>0x28</size>
         <input_file_ref idref="fl-18"/>
      </object_component>
      <object_component id="oc-243">
         <name>.text:_ZN52_INTERNAL_30_Crystalfontz128x128_ST7735_cpp_acdafc1434Crystalfontz128x128_ColorTranslateEPK16Graphics_Displayj</name>
         <load_address>0x3404</load_address>
         <run_address>0x3404</run_address>
         <size>0x28</size>
         <input_file_ref idref="fl-4"/>
      </object_component>
      <object_component id="oc-b6">
         <name>.text:ADC14_getResult</name>
         <load_address>0x342c</load_address>
         <run_address>0x342c</run_address>
         <size>0x1c</size>
         <input_file_ref idref="fl-17"/>
      </object_component>
      <object_component id="oc-2d0">
         <name>.text:SPI_enableModule</name>
         <load_address>0x3448</load_address>
         <run_address>0x3448</run_address>
         <size>0x1c</size>
         <input_file_ref idref="fl-1a"/>
      </object_component>
      <object_component id="oc-366">
         <name>.text:memccpy</name>
         <load_address>0x3464</load_address>
         <run_address>0x3464</run_address>
         <size>0x1c</size>
         <input_file_ref idref="fl-ec"/>
      </object_component>
      <object_component id="oc-283">
         <name>.text:Graphics_clearDisplayOnDisplay</name>
         <load_address>0x3480</load_address>
         <run_address>0x3480</run_address>
         <size>0x1a</size>
         <input_file_ref idref="fl-13"/>
      </object_component>
      <object_component id="oc-104">
         <name>.text:Graphics_setBackgroundColor</name>
         <load_address>0x349a</load_address>
         <run_address>0x349a</run_address>
         <size>0x1a</size>
         <input_file_ref idref="fl-12"/>
      </object_component>
      <object_component id="oc-10a">
         <name>.text:Graphics_setFont</name>
         <load_address>0x34b4</load_address>
         <run_address>0x34b4</run_address>
         <size>0x1a</size>
         <input_file_ref idref="fl-12"/>
      </object_component>
      <object_component id="oc-478">
         <name>.text:copysign</name>
         <load_address>0x34ce</load_address>
         <run_address>0x34ce</run_address>
         <size>0x1a</size>
         <input_file_ref idref="fl-da"/>
      </object_component>
      <object_component id="oc-29e">
         <name>.text:_outs</name>
         <load_address>0x34e8</load_address>
         <run_address>0x34e8</run_address>
         <size>0x18</size>
         <input_file_ref idref="fl-d1"/>
      </object_component>
      <object_component id="oc-397">
         <name>.text:EUSCI_A_SPI_enable</name>
         <load_address>0x3500</load_address>
         <run_address>0x3500</run_address>
         <size>0x16</size>
         <input_file_ref idref="fl-1a"/>
      </object_component>
      <object_component id="oc-39d">
         <name>.text:EUSCI_B_SPI_enable</name>
         <load_address>0x3516</load_address>
         <run_address>0x3516</run_address>
         <size>0x16</size>
         <input_file_ref idref="fl-1a"/>
      </object_component>
      <object_component id="oc-fe">
         <name>.text:Graphics_setForegroundColor</name>
         <load_address>0x352c</load_address>
         <run_address>0x352c</run_address>
         <size>0x16</size>
         <input_file_ref idref="fl-12"/>
      </object_component>
      <object_component id="oc-213">
         <name>.text:Graphics_translateColorOnDisplay</name>
         <load_address>0x3542</load_address>
         <run_address>0x3542</run_address>
         <size>0x16</size>
         <input_file_ref idref="fl-13"/>
      </object_component>
      <object_component id="oc-421">
         <name>.text:strchr</name>
         <load_address>0x3558</load_address>
         <run_address>0x3558</run_address>
         <size>0x16</size>
         <input_file_ref idref="fl-ed"/>
      </object_component>
      <object_component id="oc-337">
         <name>.text:strlen</name>
         <load_address>0x356e</load_address>
         <run_address>0x356e</run_address>
         <size>0x14</size>
         <input_file_ref idref="fl-ee"/>
      </object_component>
      <object_component id="oc-183">
         <name>.text:Graphics_clearDisplay</name>
         <load_address>0x3582</load_address>
         <run_address>0x3582</run_address>
         <size>0x12</size>
         <input_file_ref idref="fl-12"/>
      </object_component>
      <object_component id="oc-40">
         <name>.text:decompress:ZI:__TI_zero_init_nomemset:__TI_zero_init_nomemset</name>
         <load_address>0x3594</load_address>
         <run_address>0x3594</run_address>
         <size>0x12</size>
         <input_file_ref idref="fl-d3"/>
      </object_component>
      <object_component id="oc-36c">
         <name>.text:wcslen</name>
         <load_address>0x35a6</load_address>
         <run_address>0x35a6</run_address>
         <size>0x12</size>
         <input_file_ref idref="fl-f0"/>
      </object_component>
      <object_component id="oc-1a">
         <name>.text:decompress:none:__TI_decompress_none</name>
         <load_address>0x35b8</load_address>
         <run_address>0x35b8</run_address>
         <size>0xe</size>
         <input_file_ref idref="fl-d4"/>
      </object_component>
      <object_component id="oc-64">
         <name>.text:Reset_Handler</name>
         <load_address>0x35c6</load_address>
         <run_address>0x35c6</run_address>
         <size>0xc</size>
         <input_file_ref idref="fl-6"/>
      </object_component>
      <object_component id="oc-249">
         <name>.text:_ZN52_INTERNAL_30_Crystalfontz128x128_ST7735_cpp_acdafc1425Crystalfontz128x128_FlushEPK16Graphics_Display</name>
         <load_address>0x35d2</load_address>
         <run_address>0x35d2</run_address>
         <size>0xa</size>
         <input_file_ref idref="fl-4"/>
      </object_component>
      <object_component id="oc-2a4">
         <name>.text:_outc</name>
         <load_address>0x35dc</load_address>
         <run_address>0x35dc</run_address>
         <size>0xa</size>
         <input_file_ref idref="fl-d1"/>
      </object_component>
      <object_component id="oc-372">
         <name>.text:__aeabi_errno_addr</name>
         <load_address>0x35e8</load_address>
         <run_address>0x35e8</run_address>
         <size>0x8</size>
         <input_file_ref idref="fl-ef"/>
      </object_component>
      <object_component id="oc-96">
         <name>.text:_system_pre_init</name>
         <load_address>0x35f0</load_address>
         <run_address>0x35f0</run_address>
         <size>0x4</size>
         <input_file_ref idref="fl-e4"/>
      </object_component>
      <object_component id="oc-123">
         <name>.text:abort:abort</name>
         <load_address>0x35f4</load_address>
         <run_address>0x35f4</run_address>
         <size>0x4</size>
         <input_file_ref idref="fl-e6"/>
      </object_component>
      <object_component id="oc-257">
         <name>.const:.string:g_pucFontFixed6x8Data</name>
         <load_address>0x35f8</load_address>
         <run_address>0x35f8</run_address>
         <size>0x2f8</size>
         <input_file_ref idref="fl-14"/>
      </object_component>
      <object_component id="oc-3ca">
         <name>.const:.string:_ctypes_</name>
         <load_address>0x38f0</load_address>
         <run_address>0x38f0</run_address>
         <size>0x101</size>
         <input_file_ref idref="fl-ea"/>
      </object_component>
      <object_component id="oc-11a">
         <name>.const:g_sFontFixed6x8</name>
         <load_address>0x39f4</load_address>
         <run_address>0x39f4</run_address>
         <size>0xc8</size>
         <input_file_ref idref="fl-14"/>
      </object_component>
      <object_component id="oc-168">
         <name>.const:_ctlRegs</name>
         <load_address>0x3abc</load_address>
         <run_address>0x3abc</run_address>
         <size>0x80</size>
         <input_file_ref idref="fl-17"/>
      </object_component>
      <object_component id="oc-2da">
         <name>.const:GPIO_PORT_TO_BASE</name>
         <load_address>0x3b3c</load_address>
         <run_address>0x3b3c</run_address>
         <size>0x30</size>
         <input_file_ref idref="fl-18"/>
      </object_component>
      <object_component id="oc-117">
         <name>.const:g_sCrystalfontz128x128_funcs</name>
         <load_address>0x3b6c</load_address>
         <run_address>0x3b6c</run_address>
         <size>0x20</size>
         <input_file_ref idref="fl-4"/>
      </object_component>
      <object_component id="oc-2d6">
         <name>.const:$P$T40$1</name>
         <load_address>0x3b8c</load_address>
         <run_address>0x3b8c</run_address>
         <size>0x1c</size>
         <input_file_ref idref="fl-5"/>
      </object_component>
      <object_component id="oc-2f0">
         <name>.const:$P$T40$1</name>
         <load_address>0x3ba8</load_address>
         <run_address>0x3ba8</run_address>
         <size>0x8</size>
         <input_file_ref idref="fl-4"/>
      </object_component>
      <object_component id="oc-4d4">
         <name>.cinit..data.load</name>
         <load_address>0x3bb0</load_address>
         <run_address>0x3bb0</run_address>
         <size>0xd</size>
      </object_component>
      <object_component id="oc-4d2">
         <name>__TI_handler_table</name>
         <load_address>0x3bc0</load_address>
         <run_address>0x3bc0</run_address>
         <size>0xc</size>
      </object_component>
      <object_component id="oc-4d5">
         <name>.cinit..bss.load</name>
         <load_address>0x3bd0</load_address>
         <run_address>0x3bd0</run_address>
         <size>0x8</size>
      </object_component>
      <object_component id="oc-4d3">
         <name>__TI_cinit_table</name>
         <load_address>0x3bd8</load_address>
         <run_address>0x3bd8</run_address>
         <size>0x10</size>
      </object_component>
      <object_component id="oc-4a7">
         <name>.binit</name>
         <load_address>0x0</load_address>
         <run_address>0x0</run_address>
         <size>0x0</size>
      </object_component>
      <object_component id="oc-114">
         <name>.data:g_sCrystalfontz128x128</name>
         <load_address>0x20000030</load_address>
         <run_address>0x20000030</run_address>
         <size>0x10</size>
         <input_file_ref idref="fl-4"/>
      </object_component>
      <object_component id="oc-431">
         <name>.data</name>
         <load_address>0x20000040</load_address>
         <run_address>0x20000040</run_address>
         <size>0x4</size>
         <input_file_ref idref="fl-ef"/>
      </object_component>
      <object_component id="oc-ce">
         <name>.bss:resultsBuffer</name>
         <uninitialized>true</uninitialized>
         <run_address>0x2000001c</run_address>
         <size>0x8</size>
         <input_file_ref idref="fl-2"/>
      </object_component>
      <object_component id="oc-110">
         <name>.common:g_sContext</name>
         <uninitialized>true</uninitialized>
         <run_address>0x20000000</run_address>
         <size>0x1c</size>
      </object_component>
      <object_component id="oc-d1">
         <name>.common:Lcd_Orientation</name>
         <uninitialized>true</uninitialized>
         <run_address>0x2000002c</run_address>
         <size>0x1</size>
      </object_component>
      <object_component id="oc-20a">
         <name>.common:Lcd_ScreenWidth</name>
         <uninitialized>true</uninitialized>
         <run_address>0x20000026</run_address>
         <size>0x2</size>
      </object_component>
      <object_component id="oc-20b">
         <name>.common:Lcd_ScreenHeigth</name>
         <uninitialized>true</uninitialized>
         <run_address>0x20000024</run_address>
         <size>0x2</size>
      </object_component>
      <object_component id="oc-20c">
         <name>.common:Lcd_PenSolid</name>
         <uninitialized>true</uninitialized>
         <run_address>0x2000002d</run_address>
         <size>0x1</size>
      </object_component>
      <object_component id="oc-20d">
         <name>.common:Lcd_FontSolid</name>
         <uninitialized>true</uninitialized>
         <run_address>0x2000002b</run_address>
         <size>0x1</size>
      </object_component>
      <object_component id="oc-20e">
         <name>.common:Lcd_FlagRead</name>
         <uninitialized>true</uninitialized>
         <run_address>0x2000002a</run_address>
         <size>0x1</size>
      </object_component>
      <object_component id="oc-20f">
         <name>.common:Lcd_TouchTrim</name>
         <uninitialized>true</uninitialized>
         <run_address>0x20000028</run_address>
         <size>0x2</size>
      </object_component>
      <object_component id="oc-26">
         <name>.stack</name>
         <uninitialized>true</uninitialized>
         <run_address>0x2000fe00</run_address>
         <size>0x4</size>
         <input_file_ref idref="fl-d6"/>
      </object_component>
      <object_component id="oc-4d6">
         <name>.stack</name>
         <uninitialized>true</uninitialized>
         <run_address>0x2000fe00</run_address>
         <size>0x0</size>
      </object_component>
      <object_component id="oc-111">
         <name>.debug_info</name>
         <load_address>0x0</load_address>
         <run_address>0x0</run_address>
         <size>0x2110</size>
         <input_file_ref idref="fl-2"/>
      </object_component>
      <object_component id="oc-cf">
         <name>.debug_info</name>
         <load_address>0x2110</load_address>
         <run_address>0x2110</run_address>
         <size>0x112</size>
         <input_file_ref idref="fl-2"/>
      </object_component>
      <object_component id="oc-9d">
         <name>.debug_info</name>
         <load_address>0x2222</load_address>
         <run_address>0x2222</run_address>
         <size>0x2b8</size>
         <input_file_ref idref="fl-2"/>
      </object_component>
      <object_component id="oc-c3">
         <name>.debug_info</name>
         <load_address>0x24da</load_address>
         <run_address>0x24da</run_address>
         <size>0x194</size>
         <input_file_ref idref="fl-2"/>
      </object_component>
      <object_component id="oc-c9">
         <name>.debug_info</name>
         <load_address>0x266e</load_address>
         <run_address>0x266e</run_address>
         <size>0x1ec</size>
         <input_file_ref idref="fl-2"/>
      </object_component>
      <object_component id="oc-71">
         <name>.debug_info</name>
         <load_address>0x285a</load_address>
         <run_address>0x285a</run_address>
         <size>0x332</size>
         <input_file_ref idref="fl-2"/>
      </object_component>
      <object_component id="oc-19b">
         <name>.debug_info</name>
         <load_address>0x2b8c</load_address>
         <run_address>0x2b8c</run_address>
         <size>0x139b</size>
         <input_file_ref idref="fl-2"/>
      </object_component>
      <object_component id="oc-1a0">
         <name>.debug_info</name>
         <load_address>0x3f27</load_address>
         <run_address>0x3f27</run_address>
         <size>0x46de</size>
         <input_file_ref idref="fl-2"/>
      </object_component>
      <object_component id="oc-1a5">
         <name>.debug_info</name>
         <load_address>0x8605</load_address>
         <run_address>0x8605</run_address>
         <size>0x57e</size>
         <input_file_ref idref="fl-2"/>
      </object_component>
      <object_component id="oc-1aa">
         <name>.debug_info</name>
         <load_address>0x8b83</load_address>
         <run_address>0x8b83</run_address>
         <size>0x221</size>
         <input_file_ref idref="fl-2"/>
      </object_component>
      <object_component id="oc-1af">
         <name>.debug_info</name>
         <load_address>0x8da4</load_address>
         <run_address>0x8da4</run_address>
         <size>0x73</size>
         <input_file_ref idref="fl-2"/>
      </object_component>
      <object_component id="oc-1b4">
         <name>.debug_info</name>
         <load_address>0x8e17</load_address>
         <run_address>0x8e17</run_address>
         <size>0xd0</size>
         <input_file_ref idref="fl-2"/>
      </object_component>
      <object_component id="oc-1b9">
         <name>.debug_info</name>
         <load_address>0x8ee7</load_address>
         <run_address>0x8ee7</run_address>
         <size>0xbc</size>
         <input_file_ref idref="fl-2"/>
      </object_component>
      <object_component id="oc-1be">
         <name>.debug_info</name>
         <load_address>0x8fa3</load_address>
         <run_address>0x8fa3</run_address>
         <size>0xf8</size>
         <input_file_ref idref="fl-2"/>
      </object_component>
      <object_component id="oc-1c3">
         <name>.debug_info</name>
         <load_address>0x909b</load_address>
         <run_address>0x909b</run_address>
         <size>0x46d</size>
         <input_file_ref idref="fl-2"/>
      </object_component>
      <object_component id="oc-11e">
         <name>.debug_info</name>
         <load_address>0x9508</load_address>
         <run_address>0x9508</run_address>
         <size>0x8b</size>
         <input_file_ref idref="fl-2"/>
      </object_component>
      <object_component id="oc-1cd">
         <name>.debug_info</name>
         <load_address>0x9593</load_address>
         <run_address>0x9593</run_address>
         <size>0x2c9</size>
         <input_file_ref idref="fl-2"/>
      </object_component>
      <object_component id="oc-1e1">
         <name>.debug_info</name>
         <load_address>0x985c</load_address>
         <run_address>0x985c</run_address>
         <size>0xef</size>
         <input_file_ref idref="fl-2"/>
      </object_component>
      <object_component id="oc-d6">
         <name>.debug_info</name>
         <load_address>0x994b</load_address>
         <run_address>0x994b</run_address>
         <size>0xbb</size>
         <input_file_ref idref="fl-2"/>
      </object_component>
      <object_component id="oc-1c8">
         <name>.debug_info</name>
         <load_address>0x9a06</load_address>
         <run_address>0x9a06</run_address>
         <size>0x2a1</size>
         <input_file_ref idref="fl-2"/>
      </object_component>
      <object_component id="oc-21e">
         <name>.debug_info</name>
         <load_address>0x9ca7</load_address>
         <run_address>0x9ca7</run_address>
         <size>0xfe</size>
         <input_file_ref idref="fl-2"/>
      </object_component>
      <object_component id="oc-1d2">
         <name>.debug_info</name>
         <load_address>0x9da5</load_address>
         <run_address>0x9da5</run_address>
         <size>0x195</size>
         <input_file_ref idref="fl-2"/>
      </object_component>
      <object_component id="oc-1d7">
         <name>.debug_info</name>
         <load_address>0x9f3a</load_address>
         <run_address>0x9f3a</run_address>
         <size>0x120</size>
         <input_file_ref idref="fl-2"/>
      </object_component>
      <object_component id="oc-1dc">
         <name>.debug_info</name>
         <load_address>0xa05a</load_address>
         <run_address>0xa05a</run_address>
         <size>0xd0</size>
         <input_file_ref idref="fl-2"/>
      </object_component>
      <object_component id="oc-1eb">
         <name>.debug_info</name>
         <load_address>0xa12a</load_address>
         <run_address>0xa12a</run_address>
         <size>0x56c</size>
         <input_file_ref idref="fl-3"/>
      </object_component>
      <object_component id="oc-af">
         <name>.debug_info</name>
         <load_address>0xa696</load_address>
         <run_address>0xa696</run_address>
         <size>0x162</size>
         <input_file_ref idref="fl-3"/>
      </object_component>
      <object_component id="oc-2b3">
         <name>.debug_info</name>
         <load_address>0xa7f8</load_address>
         <run_address>0xa7f8</run_address>
         <size>0x37e2</size>
         <input_file_ref idref="fl-3"/>
      </object_component>
      <object_component id="oc-2b8">
         <name>.debug_info</name>
         <load_address>0xdfda</load_address>
         <run_address>0xdfda</run_address>
         <size>0x1055</size>
         <input_file_ref idref="fl-3"/>
      </object_component>
      <object_component id="oc-dd">
         <name>.debug_info</name>
         <load_address>0xf02f</load_address>
         <run_address>0xf02f</run_address>
         <size>0x26b</size>
         <input_file_ref idref="fl-3"/>
      </object_component>
      <object_component id="oc-2f">
         <name>.debug_info</name>
         <load_address>0xf29a</load_address>
         <run_address>0xf29a</run_address>
         <size>0x84</size>
         <input_file_ref idref="fl-3"/>
      </object_component>
      <object_component id="oc-1e6">
         <name>.debug_info</name>
         <load_address>0xf31e</load_address>
         <run_address>0xf31e</run_address>
         <size>0x297</size>
         <input_file_ref idref="fl-3"/>
      </object_component>
      <object_component id="oc-16c">
         <name>.debug_info</name>
         <load_address>0xf5b5</load_address>
         <run_address>0xf5b5</run_address>
         <size>0xef</size>
         <input_file_ref idref="fl-3"/>
      </object_component>
      <object_component id="oc-171">
         <name>.debug_info</name>
         <load_address>0xf6a4</load_address>
         <run_address>0xf6a4</run_address>
         <size>0xbb</size>
         <input_file_ref idref="fl-3"/>
      </object_component>
      <object_component id="oc-d2">
         <name>.debug_info</name>
         <load_address>0xf75f</load_address>
         <run_address>0xf75f</run_address>
         <size>0x1fa5</size>
         <input_file_ref idref="fl-4"/>
      </object_component>
      <object_component id="oc-115">
         <name>.debug_info</name>
         <load_address>0x11704</load_address>
         <run_address>0x11704</run_address>
         <size>0x146</size>
         <input_file_ref idref="fl-4"/>
      </object_component>
      <object_component id="oc-118">
         <name>.debug_info</name>
         <load_address>0x1184a</load_address>
         <run_address>0x1184a</run_address>
         <size>0x152</size>
         <input_file_ref idref="fl-4"/>
      </object_component>
      <object_component id="oc-2f1">
         <name>.debug_info</name>
         <load_address>0x1199c</load_address>
         <run_address>0x1199c</run_address>
         <size>0x129</size>
         <input_file_ref idref="fl-4"/>
      </object_component>
      <object_component id="oc-f3">
         <name>.debug_info</name>
         <load_address>0x11ac5</load_address>
         <run_address>0x11ac5</run_address>
         <size>0x48e</size>
         <input_file_ref idref="fl-4"/>
      </object_component>
      <object_component id="oc-205">
         <name>.debug_info</name>
         <load_address>0x11f53</load_address>
         <run_address>0x11f53</run_address>
         <size>0x363</size>
         <input_file_ref idref="fl-4"/>
      </object_component>
      <object_component id="oc-bd">
         <name>.debug_info</name>
         <load_address>0x122b6</load_address>
         <run_address>0x122b6</run_address>
         <size>0x2a3</size>
         <input_file_ref idref="fl-4"/>
      </object_component>
      <object_component id="oc-226">
         <name>.debug_info</name>
         <load_address>0x12559</load_address>
         <run_address>0x12559</run_address>
         <size>0x330</size>
         <input_file_ref idref="fl-4"/>
      </object_component>
      <object_component id="oc-22c">
         <name>.debug_info</name>
         <load_address>0x12889</load_address>
         <run_address>0x12889</run_address>
         <size>0x4bb</size>
         <input_file_ref idref="fl-4"/>
      </object_component>
      <object_component id="oc-232">
         <name>.debug_info</name>
         <load_address>0x12d44</load_address>
         <run_address>0x12d44</run_address>
         <size>0x34c</size>
         <input_file_ref idref="fl-4"/>
      </object_component>
      <object_component id="oc-238">
         <name>.debug_info</name>
         <load_address>0x13090</load_address>
         <run_address>0x13090</run_address>
         <size>0x34c</size>
         <input_file_ref idref="fl-4"/>
      </object_component>
      <object_component id="oc-23e">
         <name>.debug_info</name>
         <load_address>0x133dc</load_address>
         <run_address>0x133dc</run_address>
         <size>0x38c</size>
         <input_file_ref idref="fl-4"/>
      </object_component>
      <object_component id="oc-244">
         <name>.debug_info</name>
         <load_address>0x13768</load_address>
         <run_address>0x13768</run_address>
         <size>0x278</size>
         <input_file_ref idref="fl-4"/>
      </object_component>
      <object_component id="oc-24a">
         <name>.debug_info</name>
         <load_address>0x139e0</load_address>
         <run_address>0x139e0</run_address>
         <size>0x23a</size>
         <input_file_ref idref="fl-4"/>
      </object_component>
      <object_component id="oc-250">
         <name>.debug_info</name>
         <load_address>0x13c1a</load_address>
         <run_address>0x13c1a</run_address>
         <size>0x312</size>
         <input_file_ref idref="fl-4"/>
      </object_component>
      <object_component id="oc-3a6">
         <name>.debug_info</name>
         <load_address>0x13f2c</load_address>
         <run_address>0x13f2c</run_address>
         <size>0x1ed7</size>
         <input_file_ref idref="fl-5"/>
      </object_component>
      <object_component id="oc-2d7">
         <name>.debug_info</name>
         <load_address>0x15e03</load_address>
         <run_address>0x15e03</run_address>
         <size>0x13c</size>
         <input_file_ref idref="fl-5"/>
      </object_component>
      <object_component id="oc-1ed">
         <name>.debug_info</name>
         <load_address>0x15f3f</load_address>
         <run_address>0x15f3f</run_address>
         <size>0x29a</size>
         <input_file_ref idref="fl-5"/>
      </object_component>
      <object_component id="oc-1f3">
         <name>.debug_info</name>
         <load_address>0x161d9</load_address>
         <run_address>0x161d9</run_address>
         <size>0x263</size>
         <input_file_ref idref="fl-5"/>
      </object_component>
      <object_component id="oc-177">
         <name>.debug_info</name>
         <load_address>0x1643c</load_address>
         <run_address>0x1643c</run_address>
         <size>0x25a</size>
         <input_file_ref idref="fl-5"/>
      </object_component>
      <object_component id="oc-17d">
         <name>.debug_info</name>
         <load_address>0x16696</load_address>
         <run_address>0x16696</run_address>
         <size>0x20d</size>
         <input_file_ref idref="fl-5"/>
      </object_component>
      <object_component id="oc-78">
         <name>.debug_info</name>
         <load_address>0x168a3</load_address>
         <run_address>0x168a3</run_address>
         <size>0x302</size>
         <input_file_ref idref="fl-6"/>
      </object_component>
      <object_component id="oc-24">
         <name>.debug_info</name>
         <load_address>0x16ba5</load_address>
         <run_address>0x16ba5</run_address>
         <size>0x12e</size>
         <input_file_ref idref="fl-6"/>
      </object_component>
      <object_component id="oc-65">
         <name>.debug_info</name>
         <load_address>0x16cd3</load_address>
         <run_address>0x16cd3</run_address>
         <size>0x191</size>
         <input_file_ref idref="fl-6"/>
      </object_component>
      <object_component id="oc-6b">
         <name>.debug_info</name>
         <load_address>0x16e64</load_address>
         <run_address>0x16e64</run_address>
         <size>0x179</size>
         <input_file_ref idref="fl-6"/>
      </object_component>
      <object_component id="oc-212">
         <name>.debug_info</name>
         <load_address>0x16fdd</load_address>
         <run_address>0x16fdd</run_address>
         <size>0x55d</size>
         <input_file_ref idref="fl-12"/>
      </object_component>
      <object_component id="oc-fc">
         <name>.debug_info</name>
         <load_address>0x1753a</load_address>
         <run_address>0x1753a</run_address>
         <size>0x1eb</size>
         <input_file_ref idref="fl-12"/>
      </object_component>
      <object_component id="oc-108">
         <name>.debug_info</name>
         <load_address>0x17725</load_address>
         <run_address>0x17725</run_address>
         <size>0x1ff</size>
         <input_file_ref idref="fl-12"/>
      </object_component>
      <object_component id="oc-10e">
         <name>.debug_info</name>
         <load_address>0x17924</load_address>
         <run_address>0x17924</run_address>
         <size>0x1cc</size>
         <input_file_ref idref="fl-12"/>
      </object_component>
      <object_component id="oc-102">
         <name>.debug_info</name>
         <load_address>0x17af0</load_address>
         <run_address>0x17af0</run_address>
         <size>0x1f2</size>
         <input_file_ref idref="fl-12"/>
      </object_component>
      <object_component id="oc-186">
         <name>.debug_info</name>
         <load_address>0x17ce2</load_address>
         <run_address>0x17ce2</run_address>
         <size>0x1bf</size>
         <input_file_ref idref="fl-12"/>
      </object_component>
      <object_component id="oc-2e2">
         <name>.debug_info</name>
         <load_address>0x17ea1</load_address>
         <run_address>0x17ea1</run_address>
         <size>0x439</size>
         <input_file_ref idref="fl-12"/>
      </object_component>
      <object_component id="oc-2e8">
         <name>.debug_info</name>
         <load_address>0x182da</load_address>
         <run_address>0x182da</run_address>
         <size>0x3f7</size>
         <input_file_ref idref="fl-13"/>
      </object_component>
      <object_component id="oc-32f">
         <name>.debug_info</name>
         <load_address>0x186d1</load_address>
         <run_address>0x186d1</run_address>
         <size>0x1ff</size>
         <input_file_ref idref="fl-13"/>
      </object_component>
      <object_component id="oc-3c0">
         <name>.debug_info</name>
         <load_address>0x188d0</load_address>
         <run_address>0x188d0</run_address>
         <size>0x21d</size>
         <input_file_ref idref="fl-13"/>
      </object_component>
      <object_component id="oc-214">
         <name>.debug_info</name>
         <load_address>0x18aed</load_address>
         <run_address>0x18aed</run_address>
         <size>0x1df</size>
         <input_file_ref idref="fl-13"/>
      </object_component>
      <object_component id="oc-284">
         <name>.debug_info</name>
         <load_address>0x18ccc</load_address>
         <run_address>0x18ccc</run_address>
         <size>0x1d7</size>
         <input_file_ref idref="fl-13"/>
      </object_component>
      <object_component id="oc-25c">
         <name>.debug_info</name>
         <load_address>0x18ea3</load_address>
         <run_address>0x18ea3</run_address>
         <size>0x278</size>
         <input_file_ref idref="fl-14"/>
      </object_component>
      <object_component id="oc-258">
         <name>.debug_info</name>
         <load_address>0x1911b</load_address>
         <run_address>0x1911b</run_address>
         <size>0x136</size>
         <input_file_ref idref="fl-14"/>
      </object_component>
      <object_component id="oc-11b">
         <name>.debug_info</name>
         <load_address>0x19251</load_address>
         <run_address>0x19251</run_address>
         <size>0x12b</size>
         <input_file_ref idref="fl-14"/>
      </object_component>
      <object_component id="oc-297">
         <name>.debug_info</name>
         <load_address>0x1937c</load_address>
         <run_address>0x1937c</run_address>
         <size>0x4b6</size>
         <input_file_ref idref="fl-15"/>
      </object_component>
      <object_component id="oc-323">
         <name>.debug_info</name>
         <load_address>0x19832</load_address>
         <run_address>0x19832</run_address>
         <size>0x1c1</size>
         <input_file_ref idref="fl-15"/>
      </object_component>
      <object_component id="oc-28b">
         <name>.debug_info</name>
         <load_address>0x199f3</load_address>
         <run_address>0x199f3</run_address>
         <size>0x28a</size>
         <input_file_ref idref="fl-15"/>
      </object_component>
      <object_component id="oc-291">
         <name>.debug_info</name>
         <load_address>0x19c7d</load_address>
         <run_address>0x19c7d</run_address>
         <size>0x426</size>
         <input_file_ref idref="fl-15"/>
      </object_component>
      <object_component id="oc-18a">
         <name>.debug_info</name>
         <load_address>0x1a0a3</load_address>
         <run_address>0x1a0a3</run_address>
         <size>0x26a</size>
         <input_file_ref idref="fl-15"/>
      </object_component>
      <object_component id="oc-3c6">
         <name>.debug_info</name>
         <load_address>0x1a30d</load_address>
         <run_address>0x1a30d</run_address>
         <size>0x537</size>
         <input_file_ref idref="fl-16"/>
      </object_component>
      <object_component id="oc-329">
         <name>.debug_info</name>
         <load_address>0x1a844</load_address>
         <run_address>0x1a844</run_address>
         <size>0x212</size>
         <input_file_ref idref="fl-16"/>
      </object_component>
      <object_component id="oc-280">
         <name>.debug_info</name>
         <load_address>0x1aa56</load_address>
         <run_address>0x1aa56</run_address>
         <size>0x702</size>
         <input_file_ref idref="fl-17"/>
      </object_component>
      <object_component id="oc-169">
         <name>.debug_info</name>
         <load_address>0x1b158</load_address>
         <run_address>0x1b158</run_address>
         <size>0x120</size>
         <input_file_ref idref="fl-17"/>
      </object_component>
      <object_component id="oc-163">
         <name>.debug_info</name>
         <load_address>0x1b278</load_address>
         <run_address>0x1b278</run_address>
         <size>0x1d5</size>
         <input_file_ref idref="fl-17"/>
      </object_component>
      <object_component id="oc-b7">
         <name>.debug_info</name>
         <load_address>0x1b44d</load_address>
         <run_address>0x1b44d</run_address>
         <size>0x20b</size>
         <input_file_ref idref="fl-17"/>
      </object_component>
      <object_component id="oc-31b">
         <name>.debug_info</name>
         <load_address>0x1b658</load_address>
         <run_address>0x1b658</run_address>
         <size>0x431a</size>
         <input_file_ref idref="fl-17"/>
      </object_component>
      <object_component id="oc-3aa">
         <name>.debug_info</name>
         <load_address>0x1f972</load_address>
         <run_address>0x1f972</run_address>
         <size>0x6fd</size>
         <input_file_ref idref="fl-18"/>
      </object_component>
      <object_component id="oc-2db">
         <name>.debug_info</name>
         <load_address>0x2006f</load_address>
         <run_address>0x2006f</run_address>
         <size>0x131</size>
         <input_file_ref idref="fl-18"/>
      </object_component>
      <object_component id="oc-2c4">
         <name>.debug_info</name>
         <load_address>0x201a0</load_address>
         <run_address>0x201a0</run_address>
         <size>0x24e</size>
         <input_file_ref idref="fl-18"/>
      </object_component>
      <object_component id="oc-2be">
         <name>.debug_info</name>
         <load_address>0x203ee</load_address>
         <run_address>0x203ee</run_address>
         <size>0x2a1</size>
         <input_file_ref idref="fl-18"/>
      </object_component>
      <object_component id="oc-1ff">
         <name>.debug_info</name>
         <load_address>0x2068f</load_address>
         <run_address>0x2068f</run_address>
         <size>0x256</size>
         <input_file_ref idref="fl-18"/>
      </object_component>
      <object_component id="oc-1f9">
         <name>.debug_info</name>
         <load_address>0x208e5</load_address>
         <run_address>0x208e5</run_address>
         <size>0x254</size>
         <input_file_ref idref="fl-18"/>
      </object_component>
      <object_component id="oc-396">
         <name>.debug_info</name>
         <load_address>0x20b39</load_address>
         <run_address>0x20b39</run_address>
         <size>0x6f0</size>
         <input_file_ref idref="fl-1a"/>
      </object_component>
      <object_component id="oc-390">
         <name>.debug_info</name>
         <load_address>0x21229</load_address>
         <run_address>0x21229</run_address>
         <size>0x1c2</size>
         <input_file_ref idref="fl-1a"/>
      </object_component>
      <object_component id="oc-2cb">
         <name>.debug_info</name>
         <load_address>0x213eb</load_address>
         <run_address>0x213eb</run_address>
         <size>0x226</size>
         <input_file_ref idref="fl-1a"/>
      </object_component>
      <object_component id="oc-2d1">
         <name>.debug_info</name>
         <load_address>0x21611</load_address>
         <run_address>0x21611</run_address>
         <size>0x230</size>
         <input_file_ref idref="fl-1a"/>
      </object_component>
      <object_component id="oc-39e">
         <name>.debug_info</name>
         <load_address>0x21841</load_address>
         <run_address>0x21841</run_address>
         <size>0x1e4</size>
         <input_file_ref idref="fl-1a"/>
      </object_component>
      <object_component id="oc-398">
         <name>.debug_info</name>
         <load_address>0x21a25</load_address>
         <run_address>0x21a25</run_address>
         <size>0x1e4</size>
         <input_file_ref idref="fl-1a"/>
      </object_component>
      <object_component id="oc-44a">
         <name>.debug_info</name>
         <load_address>0x21c09</load_address>
         <run_address>0x21c09</run_address>
         <size>0x131</size>
         <input_file_ref idref="fl-1a"/>
      </object_component>
      <object_component id="oc-2ab">
         <name>.debug_info</name>
         <load_address>0x21d3a</load_address>
         <run_address>0x21d3a</run_address>
         <size>0x337</size>
         <input_file_ref idref="fl-d1"/>
      </object_component>
      <object_component id="oc-191">
         <name>.debug_info</name>
         <load_address>0x22071</load_address>
         <run_address>0x22071</run_address>
         <size>0x1d5</size>
         <input_file_ref idref="fl-d1"/>
      </object_component>
      <object_component id="oc-29f">
         <name>.debug_info</name>
         <load_address>0x22246</load_address>
         <run_address>0x22246</run_address>
         <size>0x191</size>
         <input_file_ref idref="fl-d1"/>
      </object_component>
      <object_component id="oc-2a5">
         <name>.debug_info</name>
         <load_address>0x223d7</load_address>
         <run_address>0x223d7</run_address>
         <size>0x171</size>
         <input_file_ref idref="fl-d1"/>
      </object_component>
      <object_component id="oc-438">
         <name>.debug_info</name>
         <load_address>0x22548</load_address>
         <run_address>0x22548</run_address>
         <size>0x2c</size>
         <input_file_ref idref="fl-d1"/>
      </object_component>
      <object_component id="oc-388">
         <name>.debug_info</name>
         <load_address>0x22574</load_address>
         <run_address>0x22574</run_address>
         <size>0x4e</size>
         <input_file_ref idref="fl-d1"/>
      </object_component>
      <object_component id="oc-2ac">
         <name>.debug_info</name>
         <load_address>0x225c2</load_address>
         <run_address>0x225c2</run_address>
         <size>0x2c</size>
         <input_file_ref idref="fl-d1"/>
      </object_component>
      <object_component id="oc-35">
         <name>.debug_info</name>
         <load_address>0x225ee</load_address>
         <run_address>0x225ee</run_address>
         <size>0x11d</size>
         <input_file_ref idref="fl-d2"/>
      </object_component>
      <object_component id="oc-8f">
         <name>.debug_info</name>
         <load_address>0x2270b</load_address>
         <run_address>0x2270b</run_address>
         <size>0x2d8</size>
         <input_file_ref idref="fl-d3"/>
      </object_component>
      <object_component id="oc-41">
         <name>.debug_info</name>
         <load_address>0x229e3</load_address>
         <run_address>0x229e3</run_address>
         <size>0x1c3</size>
         <input_file_ref idref="fl-d3"/>
      </object_component>
      <object_component id="oc-8a">
         <name>.debug_info</name>
         <load_address>0x22ba6</load_address>
         <run_address>0x22ba6</run_address>
         <size>0x46</size>
         <input_file_ref idref="fl-d3"/>
      </object_component>
      <object_component id="oc-e9">
         <name>.debug_info</name>
         <load_address>0x22bec</load_address>
         <run_address>0x22bec</run_address>
         <size>0x2c</size>
         <input_file_ref idref="fl-d3"/>
      </object_component>
      <object_component id="oc-3f">
         <name>.debug_info</name>
         <load_address>0x22c18</load_address>
         <run_address>0x22c18</run_address>
         <size>0x2ac</size>
         <input_file_ref idref="fl-d4"/>
      </object_component>
      <object_component id="oc-1b">
         <name>.debug_info</name>
         <load_address>0x22ec4</load_address>
         <run_address>0x22ec4</run_address>
         <size>0x1ee</size>
         <input_file_ref idref="fl-d4"/>
      </object_component>
      <object_component id="oc-3a">
         <name>.debug_info</name>
         <load_address>0x230b2</load_address>
         <run_address>0x230b2</run_address>
         <size>0x46</size>
         <input_file_ref idref="fl-d4"/>
      </object_component>
      <object_component id="oc-82">
         <name>.debug_info</name>
         <load_address>0x230f8</load_address>
         <run_address>0x230f8</run_address>
         <size>0x2c</size>
         <input_file_ref idref="fl-d4"/>
      </object_component>
      <object_component id="oc-80">
         <name>.debug_info</name>
         <load_address>0x23124</load_address>
         <run_address>0x23124</run_address>
         <size>0x2a2</size>
         <input_file_ref idref="fl-d5"/>
      </object_component>
      <object_component id="oc-15">
         <name>.debug_info</name>
         <load_address>0x233c6</load_address>
         <run_address>0x233c6</run_address>
         <size>0x254</size>
         <input_file_ref idref="fl-d5"/>
      </object_component>
      <object_component id="oc-2a">
         <name>.debug_info</name>
         <load_address>0x2361a</load_address>
         <run_address>0x2361a</run_address>
         <size>0x60</size>
         <input_file_ref idref="fl-d5"/>
      </object_component>
      <object_component id="oc-e2">
         <name>.debug_info</name>
         <load_address>0x2367a</load_address>
         <run_address>0x2367a</run_address>
         <size>0x46</size>
         <input_file_ref idref="fl-d5"/>
      </object_component>
      <object_component id="oc-7b">
         <name>.debug_info</name>
         <load_address>0x236c0</load_address>
         <run_address>0x236c0</run_address>
         <size>0x39</size>
         <input_file_ref idref="fl-d5"/>
      </object_component>
      <object_component id="oc-27">
         <name>.debug_info</name>
         <load_address>0x236f9</load_address>
         <run_address>0x236f9</run_address>
         <size>0x10f</size>
         <input_file_ref idref="fl-d6"/>
      </object_component>
      <object_component id="oc-53">
         <name>.debug_info</name>
         <load_address>0x23808</load_address>
         <run_address>0x23808</run_address>
         <size>0x1ad</size>
         <input_file_ref idref="fl-d6"/>
      </object_component>
      <object_component id="oc-379">
         <name>.debug_info</name>
         <load_address>0x239b5</load_address>
         <run_address>0x239b5</run_address>
         <size>0x57f</size>
         <input_file_ref idref="fl-d7"/>
      </object_component>
      <object_component id="oc-344">
         <name>.debug_info</name>
         <load_address>0x23f34</load_address>
         <run_address>0x23f34</run_address>
         <size>0x222</size>
         <input_file_ref idref="fl-d7"/>
      </object_component>
      <object_component id="oc-3fb">
         <name>.debug_info</name>
         <load_address>0x24156</load_address>
         <run_address>0x24156</run_address>
         <size>0x1b7</size>
         <input_file_ref idref="fl-d7"/>
      </object_component>
      <object_component id="oc-401">
         <name>.debug_info</name>
         <load_address>0x2430d</load_address>
         <run_address>0x2430d</run_address>
         <size>0x21f</size>
         <input_file_ref idref="fl-d7"/>
      </object_component>
      <object_component id="oc-34f">
         <name>.debug_info</name>
         <load_address>0x2452c</load_address>
         <run_address>0x2452c</run_address>
         <size>0x3bf</size>
         <input_file_ref idref="fl-d7"/>
      </object_component>
      <object_component id="oc-408">
         <name>.debug_info</name>
         <load_address>0x248eb</load_address>
         <run_address>0x248eb</run_address>
         <size>0x309</size>
         <input_file_ref idref="fl-d7"/>
      </object_component>
      <object_component id="oc-40e">
         <name>.debug_info</name>
         <load_address>0x24bf4</load_address>
         <run_address>0x24bf4</run_address>
         <size>0x219</size>
         <input_file_ref idref="fl-d7"/>
      </object_component>
      <object_component id="oc-355">
         <name>.debug_info</name>
         <load_address>0x24e0d</load_address>
         <run_address>0x24e0d</run_address>
         <size>0x219</size>
         <input_file_ref idref="fl-d7"/>
      </object_component>
      <object_component id="oc-35b">
         <name>.debug_info</name>
         <load_address>0x25026</load_address>
         <run_address>0x25026</run_address>
         <size>0x308</size>
         <input_file_ref idref="fl-d7"/>
      </object_component>
      <object_component id="oc-361">
         <name>.debug_info</name>
         <load_address>0x2532e</load_address>
         <run_address>0x2532e</run_address>
         <size>0x4b4</size>
         <input_file_ref idref="fl-d7"/>
      </object_component>
      <object_component id="oc-299">
         <name>.debug_info</name>
         <load_address>0x257e2</load_address>
         <run_address>0x257e2</run_address>
         <size>0x5f8</size>
         <input_file_ref idref="fl-d7"/>
      </object_component>
      <object_component id="oc-37a">
         <name>.debug_info</name>
         <load_address>0x25dda</load_address>
         <run_address>0x25dda</run_address>
         <size>0x86</size>
         <input_file_ref idref="fl-d7"/>
      </object_component>
      <object_component id="oc-43d">
         <name>.debug_info</name>
         <load_address>0x25e60</load_address>
         <run_address>0x25e60</run_address>
         <size>0x39</size>
         <input_file_ref idref="fl-d7"/>
      </object_component>
      <object_component id="oc-48f">
         <name>.debug_info</name>
         <load_address>0x25e99</load_address>
         <run_address>0x25e99</run_address>
         <size>0xb6</size>
         <input_file_ref idref="fl-d7"/>
      </object_component>
      <object_component id="oc-442">
         <name>.debug_info</name>
         <load_address>0x25f4f</load_address>
         <run_address>0x25f4f</run_address>
         <size>0x46</size>
         <input_file_ref idref="fl-d7"/>
      </object_component>
      <object_component id="oc-37f">
         <name>.debug_info</name>
         <load_address>0x25f95</load_address>
         <run_address>0x25f95</run_address>
         <size>0x46</size>
         <input_file_ref idref="fl-d7"/>
      </object_component>
      <object_component id="oc-472">
         <name>.debug_info</name>
         <load_address>0x25fdb</load_address>
         <run_address>0x25fdb</run_address>
         <size>0x29e</size>
         <input_file_ref idref="fl-d8"/>
      </object_component>
      <object_component id="oc-416">
         <name>.debug_info</name>
         <load_address>0x26279</load_address>
         <run_address>0x26279</run_address>
         <size>0x199</size>
         <input_file_ref idref="fl-d8"/>
      </object_component>
      <object_component id="oc-49b">
         <name>.debug_info</name>
         <load_address>0x26412</load_address>
         <run_address>0x26412</run_address>
         <size>0x39</size>
         <input_file_ref idref="fl-d8"/>
      </object_component>
      <object_component id="oc-473">
         <name>.debug_info</name>
         <load_address>0x2644b</load_address>
         <run_address>0x2644b</run_address>
         <size>0x2c</size>
         <input_file_ref idref="fl-d8"/>
      </object_component>
      <object_component id="oc-47f">
         <name>.debug_info</name>
         <load_address>0x26477</load_address>
         <run_address>0x26477</run_address>
         <size>0x301</size>
         <input_file_ref idref="fl-d9"/>
      </object_component>
      <object_component id="oc-41d">
         <name>.debug_info</name>
         <load_address>0x26778</load_address>
         <run_address>0x26778</run_address>
         <size>0x229</size>
         <input_file_ref idref="fl-d9"/>
      </object_component>
      <object_component id="oc-47b">
         <name>.debug_info</name>
[...]
         <value>0x20000028</value>
      </symbol>
      <symbol id="sm-1cc">
         <name>_Z34Crystalfontz128x128_SetOrientationh</name>
         <value>0x2dc9</value>
         <object_component_ref idref="oc-bc"/>
      </symbol>
      <symbol id="sm-1cd">
         <name>_Z24Crystalfontz128x128_Initv</name>
         <value>0x1e3d</value>
         <object_component_ref idref="oc-f2"/>
      </symbol>
      <symbol id="sm-1ce">
         <name>g_sCrystalfontz128x128_funcs</name>
         <value>0x3b6c</value>
         <object_component_ref idref="oc-117"/>
      </symbol>
      <symbol id="sm-1cf">
         <name>g_sCrystalfontz128x128</name>
         <value>0x20000030</value>
         <object_component_ref idref="oc-114"/>
      </symbol>
      <symbol id="sm-1d0">
         <name>_Z32Crystalfontz128x128_SetDrawFrametttt</name>
         <value>0x1d09</value>
         <object_component_ref idref="oc-204"/>
      </symbol>
      <symbol id="sm-20a">
         <name>_Z17HAL_LCD_writeDatah</name>
         <value>0x335d</value>
         <object_component_ref idref="oc-17c"/>
      </symbol>
      <symbol id="sm-20b">
         <name>_Z15HAL_LCD_SpiInitv</name>
         <value>0x30b5</value>
         <object_component_ref idref="oc-1f2"/>
      </symbol>
      <symbol id="sm-20c">
         <name>_Z20HAL_LCD_writeCommandh</name>
         <value>0x31f5</value>
         <object_component_ref idref="oc-176"/>
      </symbol>
      <symbol id="sm-20d">
         <name>_Z16HAL_LCD_PortInitv</name>
         <value>0x32d1</value>
         <object_component_ref idref="oc-1ec"/>
      </symbol>
      <symbol id="sm-229">
         <name>Reset_Handler</name>
         <value>0x35c7</value>
         <object_component_ref idref="oc-64"/>
      </symbol>
      <symbol id="sm-22a">
         <name>Default_Handler</name>
         <value>0x177f</value>
         <object_component_ref idref="oc-6a"/>
      </symbol>
      <symbol id="sm-22b">
         <name>interruptVectors</name>
         <value>0x0</value>
         <object_component_ref idref="oc-23"/>
      </symbol>
      <symbol id="sm-25d">
         <name>Graphics_setBackgroundColor</name>
         <value>0x349b</value>
         <object_component_ref idref="oc-104"/>
      </symbol>
      <symbol id="sm-25e">
         <name>Graphics_setFont</name>
         <value>0x34b5</value>
         <object_component_ref idref="oc-10a"/>
      </symbol>
      <symbol id="sm-25f">
         <name>Graphics_initContext</name>
         <value>0x2e71</value>
         <object_component_ref idref="oc-f8"/>
      </symbol>
      <symbol id="sm-260">
         <name>Graphics_setForegroundColor</name>
         <value>0x352d</value>
         <object_component_ref idref="oc-fe"/>
      </symbol>
      <symbol id="sm-261">
         <name>Graphics_clearDisplay</name>
         <value>0x3583</value>
         <object_component_ref idref="oc-183"/>
      </symbol>
      <symbol id="sm-286">
         <name>Graphics_clearDisplayOnDisplay</name>
         <value>0x3481</value>
         <object_component_ref idref="oc-283"/>
      </symbol>
      <symbol id="sm-287">
         <name>Graphics_drawPixelOnDisplay</name>
         <value>0x332f</value>
         <object_component_ref idref="oc-32e"/>
      </symbol>
      <symbol id="sm-288">
         <name>Graphics_translateColorOnDisplay</name>
         <value>0x3543</value>
         <object_component_ref idref="oc-213"/>
      </symbol>
      <symbol id="sm-289">
         <name>Graphics_drawHorizontalLineOnDisplay</name>
         <value>0x3265</value>
         <object_component_ref idref="oc-3bf"/>
      </symbol>
      <symbol id="sm-29b">
         <name>g_sFontFixed6x8</name>
         <value>0x39f4</value>
         <object_component_ref idref="oc-11a"/>
      </symbol>
      <symbol id="sm-2f3">
         <name>Graphics_drawStringCentered</name>
         <value>0x2f61</value>
         <object_component_ref idref="oc-189"/>
      </symbol>
      <symbol id="sm-2f4">
         <name>Graphics_drawString</name>
         <value>0xb33</value>
         <object_component_ref idref="oc-290"/>
      </symbol>
      <symbol id="sm-2f5">
         <name>Graphics_getStringWidth</name>
         <value>0x2299</value>
         <object_component_ref idref="oc-28a"/>
      </symbol>
      <symbol id="sm-308">
         <name>Graphics_drawLineH</name>
         <value>0x25ef</value>
         <object_component_ref idref="oc-328"/>
      </symbol>
      <symbol id="sm-354">
         <name>ADC14_getResult</name>
         <value>0x342d</value>
         <object_component_ref idref="oc-b6"/>
      </symbol>
      <symbol id="sm-38d">
         <name>GPIO_setOutputHighOnPin</name>
         <value>0x33b5</value>
         <object_component_ref idref="oc-1fe"/>
      </symbol>
      <symbol id="sm-38e">
         <name>GPIO_setAsOutputPin</name>
         <value>0x3035</value>
         <object_component_ref idref="oc-2c3"/>
      </symbol>
      <symbol id="sm-38f">
         <name>GPIO_setOutputLowOnPin</name>
         <value>0x33dd</value>
         <object_component_ref idref="oc-1f8"/>
      </symbol>
      <symbol id="sm-390">
         <name>GPIO_setAsPeripheralModuleFunctionOutputPin</name>
         <value>0x28ed</value>
         <object_component_ref idref="oc-2bd"/>
      </symbol>
      <symbol id="sm-3d0">
         <name>EUSCI_B_SPI_enable</name>
         <value>0x3517</value>
         <object_component_ref idref="oc-39d"/>
      </symbol>
      <symbol id="sm-3d1">
         <name>SPI_enableModule</name>
         <value>0x3449</value>
         <object_component_ref idref="oc-2d0"/>
      </symbol>
      <symbol id="sm-3d2">
         <name>EUSCI_A_SPI_enable</name>
         <value>0x3501</value>
         <object_component_ref idref="oc-397"/>
      </symbol>
      <symbol id="sm-3d3">
         <name>SPI_initMaster</name>
         <value>0x253f</value>
         <object_component_ref idref="oc-2ca"/>
      </symbol>
      <symbol id="sm-405">
         <name>sprintf</name>
         <value>0x3175</value>
         <object_component_ref idref="oc-190"/>
      </symbol>
      <symbol id="sm-420">
         <name>memcpy</name>
         <value>0x2727</value>
         <object_component_ref idref="oc-34"/>
      </symbol>
      <symbol id="sm-421">
         <name>__aeabi_memcpy</name>
         <value>0x2727</value>
         <object_component_ref idref="oc-34"/>
      </symbol>
      <symbol id="sm-422">
         <name>__aeabi_memcpy8</name>
         <value>0x2727</value>
         <object_component_ref idref="oc-34"/>
      </symbol>
      <symbol id="sm-423">
         <name>__aeabi_memcpy4</name>
         <value>0x2727</value>
         <object_component_ref idref="oc-34"/>
      </symbol>
      <symbol id="sm-43c">
         <name>__TI_zero_init_nomemset</name>
         <value>0x3595</value>
         <object_component_ref idref="oc-40"/>
      </symbol>
      <symbol id="sm-453">
         <name>__TI_decompress_none</name>
         <value>0x35b9</value>
         <object_component_ref idref="oc-1a"/>
      </symbol>
      <symbol id="sm-476">
         <name>__TI_decompress_lzss</name>
         <value>0x2be3</value>
         <object_component_ref idref="oc-14"/>
      </symbol>
      <symbol id="sm-489">
         <name>__stack</name>
         <value>0x2000fe00</value>
         <object_component_ref idref="oc-26"/>
      </symbol>
      <symbol id="sm-48a">
         <name>_c_int00_noargs</name>
         <value>0x329d</value>
         <object_component_ref idref="oc-52"/>
      </symbol>
      <symbol id="sm-5ef">
         <name>__TI_printfi</name>
         <value>0xe5</value>
         <object_component_ref idref="oc-298"/>
      </symbol>
      <symbol id="sm-60f">
         <name>frexpl</name>
         <value>0x2c4d</value>
         <object_component_ref idref="oc-415"/>
      </symbol>
      <symbol id="sm-610">
         <name>frexp</name>
         <value>0x2c4d</value>
         <object_component_ref idref="oc-415"/>
      </symbol>
      <symbol id="sm-62d">
         <name>scalbn</name>
         <value>0x208d</value>
         <object_component_ref idref="oc-41b"/>
      </symbol>
      <symbol id="sm-62e">
         <name>scalbnl</name>
         <value>0x208d</value>
         <object_component_ref idref="oc-41b"/>
      </symbol>
      <symbol id="sm-62f">
         <name>ldexpl</name>
         <value>0x208d</value>
         <object_component_ref idref="oc-41b"/>
      </symbol>
      <symbol id="sm-630">
         <name>ldexp</name>
         <value>0x208d</value>
         <object_component_ref idref="oc-41b"/>
      </symbol>
      <symbol id="sm-63a">
         <name>copysign</name>
         <value>0x34cf</value>
         <object_component_ref idref="oc-478"/>
      </symbol>
      <symbol id="sm-63b">
         <name>copysignl</name>
         <value>0x34cf</value>
         <object_component_ref idref="oc-478"/>
      </symbol>
      <symbol id="sm-648">
         <name>__aeabi_uldivmod</name>
         <value>0x27c3</value>
         <object_component_ref idref="oc-3cf"/>
      </symbol>
      <symbol id="sm-65f">
         <name>__aeabi_dsub</name>
         <value>0x15c9</value>
         <object_component_ref idref="oc-3f5"/>
      </symbol>
      <symbol id="sm-660">
         <name>__aeabi_dadd</name>
         <value>0x15d3</value>
         <object_component_ref idref="oc-3f5"/>
      </symbol>
      <symbol id="sm-682">
         <name>__aeabi_cdcmpeq</name>
         <value>0x2975</value>
         <object_component_ref idref="oc-349"/>
      </symbol>
      <symbol id="sm-683">
         <name>__aeabi_cdcmple</name>
         <value>0x2975</value>
         <object_component_ref idref="oc-349"/>
      </symbol>
      <symbol id="sm-684">
         <name>__aeabi_cdrcmple</name>
         <value>0x29fb</value>
         <object_component_ref idref="oc-3e0"/>
      </symbol>
      <symbol id="sm-698">
         <name>__aeabi_ddiv</name>
         <value>0x1bd1</value>
         <object_component_ref idref="oc-3db"/>
      </symbol>
      <symbol id="sm-6a3">
         <name>__aeabi_dmul</name>
         <value>0x219d</value>
         <object_component_ref idref="oc-3d6"/>
      </symbol>
      <symbol id="sm-6ad">
         <name>__aeabi_d2iz</name>
         <value>0x2fa9</value>
         <object_component_ref idref="oc-3e5"/>
      </symbol>
      <symbol id="sm-6b7">
         <name>__aeabi_i2d</name>
         <value>0x3301</value>
         <object_component_ref idref="oc-3f0"/>
      </symbol>
      <symbol id="sm-6c6">
         <name>__aeabi_memset</name>
         <value>0x2a83</value>
         <object_component_ref idref="oc-90"/>
      </symbol>
      <symbol id="sm-6c7">
         <name>memset</name>
         <value>0x2a89</value>
         <object_component_ref idref="oc-90"/>
      </symbol>
      <symbol id="sm-6c8">
         <name>__aeabi_memset8</name>
         <value>0x2a83</value>
         <object_component_ref idref="oc-90"/>
      </symbol>
      <symbol id="sm-6c9">
         <name>__aeabi_memset4</name>
         <value>0x2a83</value>
         <object_component_ref idref="oc-90"/>
      </symbol>
      <symbol id="sm-6ca">
         <name>__aeabi_memclr8</name>
         <value>0x2a81</value>
         <object_component_ref idref="oc-90"/>
      </symbol>
      <symbol id="sm-6cb">
         <name>__aeabi_memclr4</name>
         <value>0x2a81</value>
         <object_component_ref idref="oc-90"/>
      </symbol>
      <symbol id="sm-6cc">
         <name>__aeabi_memclr</name>
         <value>0x2a81</value>
         <object_component_ref idref="oc-90"/>
      </symbol>
      <symbol id="sm-6f4">
         <name>__TI_auto_init_nobinit_nopinit</name>
         <value>0x2ff1</value>
         <object_component_ref idref="oc-12f"/>
      </symbol>
      <symbol id="sm-6fe">
         <name>_system_pre_init</name>
         <value>0x35f1</value>
         <object_component_ref idref="oc-96"/>
      </symbol>
      <symbol id="sm-70a">
         <name>C$$EXIT</name>
         <value>0x35f5</value>
         <object_component_ref idref="oc-123"/>
      </symbol>
      <symbol id="sm-70b">
         <name>abort</name>
         <value>0x35f5</value>
         <object_component_ref idref="oc-123"/>
      </symbol>
      <symbol id="sm-723">
         <name>atoi</name>
         <value>0x2f15</value>
         <object_component_ref idref="oc-33d"/>
      </symbol>
      <symbol id="sm-72e">
         <name>_ctypes_</name>
         <value>0x38f0</value>
         <object_component_ref idref="oc-3ca"/>
      </symbol>
      <symbol id="sm-73d">
         <name>ltoa</name>
         <value>0x2e1d</value>
         <object_component_ref idref="oc-3ea"/>
      </symbol>
      <symbol id="sm-74d">
         <name>memccpy</name>
         <value>0x3465</value>
         <object_component_ref idref="oc-366"/>
      </symbol>
      <symbol id="sm-75d">
         <name>strchr</name>
         <value>0x3559</value>
         <object_component_ref idref="oc-421"/>
      </symbol>
      <symbol id="sm-76b">
         <name>strlen</name>
         <value>0x356f</value>
         <object_component_ref idref="oc-337"/>
      </symbol>
      <symbol id="sm-781">
         <name>__aeabi_errno_addr</name>
         <value>0x35e9</value>
         <object_component_ref idref="oc-372"/>
      </symbol>
      <symbol id="sm-782">
         <name>errno</name>
         <value>0x20000040</value>
         <object_component_ref idref="oc-431"/>
      </symbol>
      <symbol id="sm-79b">
         <name>wcslen</name>
         <value>0x35a7</value>
         <object_component_ref idref="oc-36c"/>
      </symbol>
      <symbol id="sm-7a5">
         <name>__aeabi_idiv0</name>
         <value>0x1d07</value>
         <object_component_ref idref="oc-45f"/>
      </symbol>
      <symbol id="sm-7a6">
         <name>__aeabi_ldiv0</name>
         <value>0x1d07</value>
         <object_component_ref idref="oc-45f"/>
      </symbol>
      <symbol id="sm-7a7">
         <name>__TI_static_base__</name>
         <value>0x0</value>
      </symbol>
      <symbol id="sm-7aa">
         <name>__mpu_init</name>
         <value>0x0</value>
      </symbol>
      <symbol id="sm-7ab">
         <name>_system_post_cinit</name>
         <value>0x0</value>
      </symbol>
      <symbol id="sm-7ac">
         <name>NMI_Handler</name>
         <value>0x177f</value>
      </symbol>
      <symbol id="sm-7ad">
         <name>HardFault_Handler</name>
         <value>0x177f</value>
      </symbol>
      <symbol id="sm-7ae">
         <name>MemManage_Handler</name>
         <value>0x177f</value>
      </symbol>
      <symbol id="sm-7af">
         <name>BusFault_Handler</name>
         <value>0x177f</value>
      </symbol>
      <symbol id="sm-7b0">
         <name>UsageFault_Handler</name>
         <value>0x177f</value>
      </symbol>
      <symbol id="sm-7b1">
         <name>SVC_Handler</name>
         <value>0x177f</value>
      </symbol>
      <symbol id="sm-7b2">
         <name>DebugMon_Handler</name>
         <value>0x177f</value>
      </symbol>
      <symbol id="sm-7b3">
         <name>PendSV_Handler</name>
         <value>0x177f</value>
      </symbol>
      <symbol id="sm-7b4">
         <name>SysTick_Handler</name>
         <value>0x177f</value>
      </symbol>
      <symbol id="sm-7b5">
         <name>PSS_IRQHandler</name>
         <value>0x177f</value>
      </symbol>
      <symbol id="sm-7b6">
         <name>CS_IRQHandler</name>
         <value>0x177f</value>
      </symbol>
      <symbol id="sm-7b7">
         <name>PCM_IRQHandler</name>
         <value>0x177f</value>
      </symbol>
      <symbol id="sm-7b8">
         <name>WDT_A_IRQHandler</name>
         <value>0x177f</value>
      </symbol>
      <symbol id="sm-7b9">
         <name>FPU_IRQHandler</name>
         <value>0x177f</value>
      </symbol>
      <symbol id="sm-7ba">
         <name>FLCTL_IRQHandler</name>
         <value>0x177f</value>
      </symbol>
      <symbol id="sm-7bb">
         <name>COMP_E0_IRQHandler</name>
         <value>0x177f</value>
      </symbol>
      <symbol id="sm-7bc">
         <name>COMP_E1_IRQHandler</name>
         <value>0x177f</value>
      </symbol>
      <symbol id="sm-7bd">
         <name>TA0_0_IRQHandler</name>
         <value>0x177f</value>
      </symbol>
      <symbol id="sm-7be">
         <name>TA0_N_IRQHandler</name>
         <value>0x177f</value>
      </symbol>
      <symbol id="sm-7bf">
         <name>TA1_0_IRQHandler</name>
         <value>0x177f</value>
      </symbol>
      <symbol id="sm-7c0">
         <name>TA1_N_IRQHandler</name>
         <value>0x177f</value>
      </symbol>
      <symbol id="sm-7c1">
         <name>TA2_0_IRQHandler</name>
         <value>0x177f</value>
      </symbol>
      <symbol id="sm-7c2">
         <name>TA2_N_IRQHandler</name>
         <value>0x177f</value>
      </symbol>
      <symbol id="sm-7c3">
         <name>TA3_0_IRQHandler</name>
         <value>0x177f</value>
      </symbol>
      <symbol id="sm-7c4">
         <name>TA3_N_IRQHandler</name>
         <value>0x177f</value>
      </symbol>
      <symbol id="sm-7c5">
         <name>EUSCIA0_IRQHandler</name>
         <value>0x177f</value>
      </symbol>
      <symbol id="sm-7c6">
         <name>EUSCIA1_IRQHandler</name>
         <value>0x177f</value>
      </symbol>
      <symbol id="sm-7c7">
         <name>EUSCIA2_IRQHandler</name>
         <value>0x177f</value>
      </symbol>
      <symbol id="sm-7c8">
         <name>EUSCIA3_IRQHandler</name>
         <value>0x177f</value>
      </symbol>
      <symbol id="sm-7c9">
         <name>EUSCIB0_IRQHandler</name>
         <value>0x177f</value>
      </symbol>
      <symbol id="sm-7ca">
         <name>EUSCIB1_IRQHandler</name>
         <value>0x177f</value>
      </symbol>
      <symbol id="sm-7cb">
         <name>EUSCIB2_IRQHandler</name>
         <value>0x177f</value>
      </symbol>
      <symbol id="sm-7cc">
         <name>EUSCIB3_IRQHandler</name>
         <value>0x177f</value>
      </symbol>
      <symbol id="sm-7cd">
         <name>ADC14_IRQHandler</name>
         <value>0x2395</value>
      </symbol>
      <symbol id="sm-7ce">
         <name>T32_INT1_IRQHandler</name>
         <value>0x177f</value>
      </symbol>
      <symbol id="sm-7cf">
         <name>T32_INT2_IRQHandler</name>
         <value>0x177f</value>
      </symbol>
      <symbol id="sm-7d0">
         <name>T32_INTC_IRQHandler</name>
         <value>0x177f</value>
      </symbol>
      <symbol id="sm-7d1">
         <name>AES256_IRQHandler</name>
         <value>0x177f</value>
      </symbol>
      <symbol id="sm-7d2">
         <name>RTC_C_IRQHandler</name>
         <value>0x177f</value>
      </symbol>
      <symbol id="sm-7d3">
         <name>DMA_ERR_IRQHandler</name>
         <value>0x177f</value>
      </symbol>
      <symbol id="sm-7d4">
         <name>DMA_INT3_IRQHandler</name>
         <value>0x177f</value>
      </symbol>
      <symbol id="sm-7d5">
         <name>DMA_INT2_IRQHandler</name>
         <value>0x177f</value>
      </symbol>
      <symbol id="sm-7d6">
         <name>DMA_INT1_IRQHandler</name>
         <value>0x177f</value>
      </symbol>
      <symbol id="sm-7d7">
         <name>DMA_INT0_IRQHandler</name>
         <value>0x177f</value>
      </symbol>
      <symbol id="sm-7d8">
         <name>PORT1_IRQHandler</name>
         <value>0x177f</value>
      </symbol>
      <symbol id="sm-7d9">
         <name>PORT2_IRQHandler</name>
         <value>0x177f</value>
      </symbol>
      <symbol id="sm-7da">
         <name>PORT3_IRQHandler</name>
         <value>0x177f</value>
      </symbol>
      <symbol id="sm-7db">
         <name>PORT4_IRQHandler</name>
         <value>0x177f</value>
      </symbol>
      <symbol id="sm-7dc">
         <name>PORT5_IRQHandler</name>
         <value>0x177f</value>
      </symbol>
      <symbol id="sm-7dd">
         <name>PORT6_IRQHandler</name>
         <value>0x177f</value>
      </symbol>
   </symbol_table>
   <title>Link successful</title>
</link_info>
