<?xml version="1.0" encoding="ISO-8859-1" ?>
<link_info>
   <banner>TI ARM Linker Unix v18.12.1.LTS</banner>
   <copyright>Copyright (c) 1996-2018 Texas Instruments Incorporated</copyright>
   <link_time>0x5ce5b062</link_time>
   <link_errors>0x0</link_errors>
   <output_file>Horizon.out</output_file>
   <entry_point>
      <name>_c_int00_noargs</name>
      <address>0x173d</address>
   </entry_point>
   <input_file_list>
      <input_file id="fl-2">
         <path>./</path>
         <kind>object</kind>
         <file>main.obj</file>
         <name>main.obj</name>
      </input_file>
      <input_file id="fl-3">
         <path>./</path>
         <kind>object</kind>
         <file>system_msp432p401r.obj</file>
         <name>system_msp432p401r.obj</name>
      </input_file>
      <input_file id="fl-4">
         <path>./LcdDriver/</path>
         <kind>object</kind>
         <file>Crystalfontz128x128_ST7735.obj</file>
         <name>Crystalfontz128x128_ST7735.obj</name>
      </input_file>
      <input_file id="fl-5">
         <path>./LcdDriver/</path>
         <kind>object</kind>
         <file>HAL_MSP_EXP432P401R_Crystalfontz128x128_ST7735.obj</file>
         <name>HAL_MSP_EXP432P401R_Crystalfontz128x128_ST7735.obj</name>
      </input_file>
      <input_file id="fl-6">
         <path>./ccs/</path>
         <kind>object</kind>
         <file>startup_msp432p401r_ccs.obj</file>
         <name>startup_msp432p401r_ccs.obj</name>
      </input_file>
      <input_file id="fl-11">
         <kind>object</kind>
         <file>&lt;internal&gt;</file>
         <name>&lt;internal&gt;</name>
      </input_file>
      <input_file id="fl-12">
         <path>/home/carlos/ti/simplelink_msp432p4_sdk_2_40_00_10/source/ti/grlib/lib/ccs/m4f/</path>
         <kind>archive</kind>
         <file>grlib.a</file>
         <name>context.obj</name>
      </input_file>
      <input_file id="fl-13">
         <path>/home/carlos/ti/simplelink_msp432p4_sdk_2_40_00_10/source/ti/grlib/lib/ccs/m4f/</path>
         <kind>archive</kind>
         <file>grlib.a</file>
         <name>display.obj</name>
      </input_file>
      <input_file id="fl-14">
         <path>/home/carlos/ti/simplelink_msp432p4_sdk_2_40_00_10/source/ti/grlib/lib/ccs/m4f/</path>
         <kind>archive</kind>
         <file>grlib.a</file>
         <name>fontfixed6x8.obj</name>
      </input_file>
      <input_file id="fl-15">
         <path>/home/carlos/ti/simplelink_msp432p4_sdk_2_40_00_10/source/ti/grlib/lib/ccs/m4f/</path>
         <kind>archive</kind>
         <file>grlib.a</file>
         <name>line.obj</name>
      </input_file>
      <input_file id="fl-16">
         <path>/home/carlos/ti/simplelink_msp432p4_sdk_2_40_00_10/source/ti/grlib/lib/ccs/m4f/</path>
         <kind>archive</kind>
         <file>grlib.a</file>
         <name>rectangle.obj</name>
      </input_file>
      <input_file id="fl-17">
         <path>/home/carlos/ti/simplelink_msp432p4_sdk_2_40_00_10/source/ti/devices/msp432p4xx/driverlib/ccs/</path>
         <kind>archive</kind>
         <file>msp432p4xx_driverlib.lib</file>
         <name>adc14.o</name>
      </input_file>
      <input_file id="fl-18">
         <path>/home/carlos/ti/simplelink_msp432p4_sdk_2_40_00_10/source/ti/devices/msp432p4xx/driverlib/ccs/</path>
         <kind>archive</kind>
         <file>msp432p4xx_driverlib.lib</file>
         <name>gpio.o</name>
      </input_file>
      <input_file id="fl-19">
         <path>/home/carlos/ti/simplelink_msp432p4_sdk_2_40_00_10/source/ti/devices/msp432p4xx/driverlib/ccs/</path>
         <kind>archive</kind>
         <file>msp432p4xx_driverlib.lib</file>
         <name>interrupt.o</name>
      </input_file>
      <input_file id="fl-1a">
         <path>/home/carlos/ti/simplelink_msp432p4_sdk_2_40_00_10/source/ti/devices/msp432p4xx/driverlib/ccs/</path>
         <kind>archive</kind>
         <file>msp432p4xx_driverlib.lib</file>
         <name>spi.o</name>
      </input_file>
      <input_file id="fl-1b">
         <path>/home/carlos/ti/simplelink_msp432p4_sdk_2_40_00_10/source/ti/devices/msp432p4xx/driverlib/ccs/</path>
         <kind>archive</kind>
         <file>msp432p4xx_driverlib.lib</file>
         <name>cpu.o</name>
      </input_file>
      <input_file id="fl-d1">
         <path>/home/carlos/ti/ccs901/ccs/tools/compiler/ti-cgt-arm_18.12.1.LTS/lib/</path>
         <kind>archive</kind>
         <file>rtsv7M4_T_le_v4SPD16_eabi.lib</file>
         <name>fd_add_t2.asm.obj</name>
      </input_file>
      <input_file id="fl-d2">
         <path>/home/carlos/ti/ccs901/ccs/tools/compiler/ti-cgt-arm_18.12.1.LTS/lib/</path>
         <kind>archive</kind>
         <file>rtsv7M4_T_le_v4SPD16_eabi.lib</file>
         <name>fd_div_t2.asm.obj</name>
      </input_file>
      <input_file id="fl-d3">
         <path>/home/carlos/ti/ccs901/ccs/tools/compiler/ti-cgt-arm_18.12.1.LTS/lib/</path>
         <kind>archive</kind>
         <file>rtsv7M4_T_le_v4SPD16_eabi.lib</file>
         <name>fd_tos_t2.asm.obj</name>
      </input_file>
      <input_file id="fl-d4">
         <path>/home/carlos/ti/ccs901/ccs/tools/compiler/ti-cgt-arm_18.12.1.LTS/lib/</path>
         <kind>archive</kind>
         <file>rtsv7M4_T_le_v4SPD16_eabi.lib</file>
         <name>u_tofd_t2.asm.obj</name>
      </input_file>
      <input_file id="fl-d5">
         <path>/home/carlos/ti/ccs901/ccs/tools/compiler/ti-cgt-arm_18.12.1.LTS/lib/</path>
         <kind>archive</kind>
         <file>rtsv7M4_T_le_v4SPD16_eabi.lib</file>
         <name>copy_zero_init.c.obj</name>
      </input_file>
      <input_file id="fl-d6">
         <path>/home/carlos/ti/ccs901/ccs/tools/compiler/ti-cgt-arm_18.12.1.LTS/lib/</path>
         <kind>archive</kind>
         <file>rtsv7M4_T_le_v4SPD16_eabi.lib</file>
         <name>copy_decompress_none.c.obj</name>
      </input_file>
      <input_file id="fl-d7">
         <path>/home/carlos/ti/ccs901/ccs/tools/compiler/ti-cgt-arm_18.12.1.LTS/lib/</path>
         <kind>archive</kind>
         <file>rtsv7M4_T_le_v4SPD16_eabi.lib</file>
         <name>copy_decompress_lzss.c.obj</name>
      </input_file>
      <input_file id="fl-d8">
         <path>/home/carlos/ti/ccs901/ccs/tools/compiler/ti-cgt-arm_18.12.1.LTS/lib/</path>
         <kind>archive</kind>
         <file>rtsv7M4_T_le_v4SPD16_eabi.lib</file>
         <name>boot_cortex_m.c.obj</name>
      </input_file>
      <input_file id="fl-d9">
         <path>/home/carlos/ti/ccs901/ccs/tools/compiler/ti-cgt-arm_18.12.1.LTS/lib/</path>
         <kind>archive</kind>
         <file>rtsv7M4_T_le_v4SPD16_eabi.lib</file>
         <name>memcpy_t2.asm.obj</name>
      </input_file>
      <input_file id="fl-da">
         <path>/home/carlos/ti/ccs901/ccs/tools/compiler/ti-cgt-arm_18.12.1.LTS/lib/</path>
         <kind>archive</kind>
         <file>rtsv7M4_T_le_v4SPD16_eabi.lib</file>
         <name>memset_t2.asm.obj</name>
      </input_file>
      <input_file id="fl-db">
         <path>/home/carlos/ti/ccs901/ccs/tools/compiler/ti-cgt-arm_18.12.1.LTS/lib/</path>
         <kind>archive</kind>
         <file>rtsv7M4_T_le_v4SPD16_eabi.lib</file>
         <name>autoinit.c.obj</name>
      </input_file>
      <input_file id="fl-dc">
         <path>/home/carlos/ti/ccs901/ccs/tools/compiler/ti-cgt-arm_18.12.1.LTS/lib/</path>
         <kind>archive</kind>
         <file>rtsv7M4_T_le_v4SPD16_eabi.lib</file>
         <name>pre_init.c.obj</name>
      </input_file>
      <input_file id="fl-dd">
         <path>/home/carlos/ti/ccs901/ccs/tools/compiler/ti-cgt-arm_18.12.1.LTS/lib/</path>
         <kind>archive</kind>
         <file>rtsv7M4_T_le_v4SPD16_eabi.lib</file>
         <name>cpy_tbl.c.obj</name>
      </input_file>
      <input_file id="fl-de">
         <path>/home/carlos/ti/ccs901/ccs/tools/compiler/ti-cgt-arm_18.12.1.LTS/lib/</path>
         <kind>archive</kind>
         <file>rtsv7M4_T_le_v4SPD16_eabi.lib</file>
         <name>exit.c.obj</name>
      </input_file>
      <input_file id="fl-df">
         <path>/home/carlos/ti/ccs901/ccs/tools/compiler/ti-cgt-arm_18.12.1.LTS/lib/</path>
         <kind>archive</kind>
         <file>rtsv7M4_T_le_v4SPD16_eabi.lib</file>
         <name>_lock.c.obj</name>
      </input_file>
      <input_file id="fl-e0">
         <path>/home/carlos/ti/ccs901/ccs/tools/compiler/ti-cgt-arm_18.12.1.LTS/lib/</path>
         <kind>archive</kind>
         <file>rtsv7M4_T_le_v4SPD16_eabi.lib</file>
         <name>args_main.c.obj</name>
      </input_file>
   </input_file_list>
   <object_component_list>
      <object_component id="oc-23">
         <name>.intvecs:retain</name>
         <load_address>0x0</load_address>
         <run_address>0x0</run_address>
         <size>0xe4</size>
         <input_file_ref idref="fl-6"/>
      </object_component>
      <object_component id="oc-2cf">
         <name>.text:_ZN52_INTERNAL_30_Crystalfontz128x128_ST7735_cpp_acdafc1437Crystalfontz128x128_PixelDrawMultipleEPK16Graphics_DisplaysssssPKhPKj</name>
         <load_address>0xe4</load_address>
         <run_address>0xe4</run_address>
         <size>0x1d8</size>
         <input_file_ref idref="fl-4"/>
      </object_component>
      <object_component id="oc-187">
         <name>.text</name>
         <load_address>0x2bc</load_address>
         <run_address>0x2bc</run_address>
         <size>0x1b6</size>
         <input_file_ref idref="fl-d1"/>
      </object_component>
      <object_component id="oc-6a">
         <name>.text:Default_Handler</name>
         <load_address>0x472</load_address>
         <run_address>0x472</run_address>
         <size>0x2</size>
         <input_file_ref idref="fl-6"/>
      </object_component>
      <object_component id="oc-70">
         <name>.text:ADC14_IRQHandler</name>
         <load_address>0x474</load_address>
         <run_address>0x474</run_address>
         <size>0x17c</size>
         <input_file_ref idref="fl-2"/>
      </object_component>
      <object_component id="oc-169">
         <name>.text:_getIndexForMemRegister</name>
         <load_address>0x5f0</load_address>
         <run_address>0x5f0</run_address>
         <size>0x160</size>
         <input_file_ref idref="fl-17"/>
      </object_component>
      <object_component id="oc-182">
         <name>.text</name>
         <load_address>0x750</load_address>
         <run_address>0x750</run_address>
         <size>0x136</size>
         <input_file_ref idref="fl-d2"/>
      </object_component>
      <object_component id="oc-2ab">
         <name>.text:_Z32Crystalfontz128x128_SetDrawFrametttt</name>
         <load_address>0x888</load_address>
         <run_address>0x888</run_address>
         <size>0x134</size>
         <input_file_ref idref="fl-4"/>
      </object_component>
      <object_component id="oc-213">
         <name>.text:_Z24Crystalfontz128x128_Initv</name>
         <load_address>0x9bc</load_address>
         <run_address>0x9bc</run_address>
         <size>0x12c</size>
         <input_file_ref idref="fl-4"/>
      </object_component>
      <object_component id="oc-ce">
         <name>.text:Graphics_fillRectangle</name>
         <load_address>0xae8</load_address>
         <run_address>0xae8</run_address>
         <size>0x112</size>
         <input_file_ref idref="fl-16"/>
      </object_component>
      <object_component id="oc-123">
         <name>.text:_Z8ADCSetupv</name>
         <load_address>0xbfc</load_address>
         <run_address>0xbfc</run_address>
         <size>0xd4</size>
         <input_file_ref idref="fl-2"/>
      </object_component>
      <object_component id="oc-339">
         <name>.text:SPI_initMaster</name>
         <load_address>0xcd0</load_address>
         <run_address>0xcd0</run_address>
         <size>0xb0</size>
         <input_file_ref idref="fl-1a"/>
      </object_component>
      <object_component id="oc-9c">
         <name>.text:main</name>
         <load_address>0xd80</load_address>
         <run_address>0xd80</run_address>
         <size>0xb0</size>
         <input_file_ref idref="fl-2"/>
      </object_component>
      <object_component id="oc-d4">
         <name>.text:Graphics_drawRectangle</name>
         <load_address>0xe30</load_address>
         <run_address>0xe30</run_address>
         <size>0xa2</size>
         <input_file_ref idref="fl-16"/>
      </object_component>
      <object_component id="oc-e0">
         <name>.text:Graphics_drawLineH</name>
         <load_address>0xed2</load_address>
         <run_address>0xed2</run_address>
         <size>0x9c</size>
         <input_file_ref idref="fl-15"/>
      </object_component>
      <object_component id="oc-1a2">
         <name>.text:Graphics_drawLineV</name>
         <load_address>0xf6e</load_address>
         <run_address>0xf6e</run_address>
         <size>0x9c</size>
         <input_file_ref idref="fl-15"/>
      </object_component>
      <object_component id="oc-2e1">
         <name>.text:_ZN52_INTERNAL_30_Crystalfontz128x128_ST7735_cpp_acdafc1428Crystalfontz128x128_RectFillEPK16Graphics_DisplayPK18Graphics_Rectanglet</name>
         <load_address>0x100a</load_address>
         <run_address>0x100a</run_address>
         <size>0x9c</size>
         <input_file_ref idref="fl-4"/>
      </object_component>
      <object_component id="oc-34">
         <name>.text</name>
         <load_address>0x10a6</load_address>
         <run_address>0x10a6</run_address>
         <size>0x9c</size>
         <input_file_ref idref="fl-d9"/>
      </object_component>
      <object_component id="oc-32c">
         <name>.text:GPIO_setAsPeripheralModuleFunctionOutputPin</name>
         <load_address>0x1144</load_address>
         <run_address>0x1144</run_address>
         <size>0x88</size>
         <input_file_ref idref="fl-18"/>
      </object_component>
      <object_component id="oc-bc">
         <name>.text:_Z10conversionP16Graphics_Contextt</name>
         <load_address>0x11cc</load_address>
         <run_address>0x11cc</run_address>
         <size>0x88</size>
         <input_file_ref idref="fl-2"/>
      </object_component>
      <object_component id="oc-ae">
         <name>.text:SystemInit</name>
         <load_address>0x1254</load_address>
         <run_address>0x1254</run_address>
         <size>0x78</size>
         <input_file_ref idref="fl-3"/>
      </object_component>
      <object_component id="oc-18c">
         <name>.text</name>
         <load_address>0x12cc</load_address>
         <run_address>0x12cc</run_address>
         <size>0x6e</size>
         <input_file_ref idref="fl-d3"/>
      </object_component>
      <object_component id="oc-14">
         <name>.text:decompress:lzss:__TI_decompress_lzss</name>
         <load_address>0x133a</load_address>
         <run_address>0x133a</run_address>
         <size>0x68</size>
         <input_file_ref idref="fl-d7"/>
      </object_component>
      <object_component id="oc-2d5">
         <name>.text:_ZN52_INTERNAL_30_Crystalfontz128x128_ST7735_cpp_acdafc1429Crystalfontz128x128_LineDrawHEPK16Graphics_Displayssst</name>
         <load_address>0x13a2</load_address>
         <run_address>0x13a2</run_address>
         <size>0x60</size>
         <input_file_ref idref="fl-4"/>
      </object_component>
      <object_component id="oc-2db">
         <name>.text:_ZN52_INTERNAL_30_Crystalfontz128x128_ST7735_cpp_acdafc1429Crystalfontz128x128_LineDrawVEPK16Graphics_Displayssst</name>
         <load_address>0x1402</load_address>
         <run_address>0x1402</run_address>
         <size>0x60</size>
         <input_file_ref idref="fl-4"/>
      </object_component>
      <object_component id="oc-219">
         <name>.text:_Z34Crystalfontz128x128_SetOrientationh</name>
         <load_address>0x1464</load_address>
         <run_address>0x1464</run_address>
         <size>0x54</size>
         <input_file_ref idref="fl-4"/>
      </object_component>
      <object_component id="oc-21f">
         <name>.text:Graphics_initContext</name>
         <load_address>0x14b8</load_address>
         <run_address>0x14b8</run_address>
         <size>0x52</size>
         <input_file_ref idref="fl-12"/>
      </object_component>
      <object_component id="oc-11d">
         <name>.text:_Z8LCDSetupv</name>
         <load_address>0x150c</load_address>
         <run_address>0x150c</run_address>
         <size>0x48</size>
         <input_file_ref idref="fl-2"/>
      </object_component>
      <object_component id="oc-136">
         <name>.text:__TI_auto_init_nobinit_nopinit:__TI_auto_init_nobinit_nopinit</name>
         <load_address>0x1554</load_address>
         <run_address>0x1554</run_address>
         <size>0x44</size>
         <input_file_ref idref="fl-db"/>
      </object_component>
      <object_component id="oc-332">
         <name>.text:GPIO_setAsOutputPin</name>
         <load_address>0x1598</load_address>
         <run_address>0x1598</run_address>
         <size>0x40</size>
         <input_file_ref idref="fl-18"/>
      </object_component>
      <object_component id="oc-28d">
         <name>.text:_Z15HAL_LCD_SpiInitv</name>
         <load_address>0x15d8</load_address>
         <run_address>0x15d8</run_address>
         <size>0x40</size>
         <input_file_ref idref="fl-5"/>
      </object_component>
      <object_component id="oc-2c9">
         <name>.text:_ZN52_INTERNAL_30_Crystalfontz128x128_ST7735_cpp_acdafc1429Crystalfontz128x128_PixelDrawEPK16Graphics_Displaysst</name>
         <load_address>0x1618</load_address>
         <run_address>0x1618</run_address>
         <size>0x40</size>
         <input_file_ref idref="fl-4"/>
      </object_component>
      <object_component id="oc-374">
         <name>.text:is_A_Module</name>
         <load_address>0x1658</load_address>
         <run_address>0x1658</run_address>
         <size>0x40</size>
         <input_file_ref idref="fl-1a"/>
      </object_component>
      <object_component id="oc-29f">
         <name>.text:_Z20HAL_LCD_writeCommandh</name>
         <load_address>0x1698</load_address>
         <run_address>0x1698</run_address>
         <size>0x38</size>
         <input_file_ref idref="fl-5"/>
      </object_component>
      <object_component id="oc-1b0">
         <name>.text:Graphics_drawHorizontalLineOnDisplay</name>
         <load_address>0x16d0</load_address>
         <run_address>0x16d0</run_address>
         <size>0x36</size>
         <input_file_ref idref="fl-13"/>
      </object_component>
      <object_component id="oc-270">
         <name>.text:Graphics_drawVerticalLineOnDisplay</name>
         <load_address>0x1706</load_address>
         <run_address>0x1706</run_address>
         <size>0x36</size>
         <input_file_ref idref="fl-13"/>
      </object_component>
      <object_component id="oc-52">
         <name>.text:_c_int00_noargs:_c_int00_noargs</name>
         <load_address>0x173c</load_address>
         <run_address>0x173c</run_address>
         <size>0x34</size>
         <input_file_ref idref="fl-d8"/>
      </object_component>
      <object_component id="oc-287">
         <name>.text:_Z16HAL_LCD_PortInitv</name>
         <load_address>0x1770</load_address>
         <run_address>0x1770</run_address>
         <size>0x30</size>
         <input_file_ref idref="fl-5"/>
      </object_component>
      <object_component id="oc-2a5">
         <name>.text:_Z17HAL_LCD_writeDatah</name>
         <load_address>0x17a0</load_address>
         <run_address>0x17a0</run_address>
         <size>0x2c</size>
         <input_file_ref idref="fl-5"/>
      </object_component>
      <object_component id="oc-2f3">
         <name>.text:_ZN52_INTERNAL_30_Crystalfontz128x128_ST7735_cpp_acdafc1431Crystalfontz128x128_ClearScreenEPK16Graphics_Displayt</name>
         <load_address>0x17cc</load_address>
         <run_address>0x17cc</run_address>
         <size>0x2c</size>
         <input_file_ref idref="fl-4"/>
      </object_component>
      <object_component id="oc-299">
         <name>.text:GPIO_setOutputHighOnPin</name>
         <load_address>0x17f8</load_address>
         <run_address>0x17f8</run_address>
         <size>0x28</size>
         <input_file_ref idref="fl-18"/>
      </object_component>
      <object_component id="oc-293">
         <name>.text:GPIO_setOutputLowOnPin</name>
         <load_address>0x1820</load_address>
         <run_address>0x1820</run_address>
         <size>0x28</size>
         <input_file_ref idref="fl-18"/>
      </object_component>
      <object_component id="oc-2e7">
         <name>.text:_ZN52_INTERNAL_30_Crystalfontz128x128_ST7735_cpp_acdafc1434Crystalfontz128x128_ColorTranslateEPK16Graphics_Displayj</name>
         <load_address>0x1848</load_address>
         <run_address>0x1848</run_address>
         <size>0x28</size>
         <input_file_ref idref="fl-4"/>
      </object_component>
      <object_component id="oc-17d">
         <name>.text</name>
         <load_address>0x1870</load_address>
         <run_address>0x1870</run_address>
         <size>0x20</size>
         <input_file_ref idref="fl-d4"/>
      </object_component>
      <object_component id="oc-195">
         <name>.text:Graphics_fillRectangleOnDisplay</name>
         <load_address>0x1890</load_address>
         <run_address>0x1890</run_address>
         <size>0x1e</size>
         <input_file_ref idref="fl-13"/>
      </object_component>
      <object_component id="oc-b6">
         <name>.text:ADC14_getResult</name>
         <load_address>0x18b0</load_address>
         <run_address>0x18b0</run_address>
         <size>0x1c</size>
         <input_file_ref idref="fl-17"/>
      </object_component>
      <object_component id="oc-33f">
         <name>.text:SPI_enableModule</name>
         <load_address>0x18cc</load_address>
         <run_address>0x18cc</run_address>
         <size>0x1c</size>
         <input_file_ref idref="fl-1a"/>
      </object_component>
      <object_component id="oc-2c0">
         <name>.text:Graphics_clearDisplayOnDisplay</name>
         <load_address>0x18e8</load_address>
         <run_address>0x18e8</run_address>
         <size>0x1a</size>
         <input_file_ref idref="fl-13"/>
      </object_component>
      <object_component id="oc-225">
         <name>.text:Graphics_setBackgroundColor</name>
         <load_address>0x1902</load_address>
         <run_address>0x1902</run_address>
         <size>0x1a</size>
         <input_file_ref idref="fl-12"/>
      </object_component>
      <object_component id="oc-22b">
         <name>.text:Graphics_setFont</name>
         <load_address>0x191c</load_address>
         <run_address>0x191c</run_address>
         <size>0x1a</size>
         <input_file_ref idref="fl-12"/>
      </object_component>
      <object_component id="oc-37c">
         <name>.text:EUSCI_A_SPI_enable</name>
         <load_address>0x1936</load_address>
         <run_address>0x1936</run_address>
         <size>0x16</size>
         <input_file_ref idref="fl-1a"/>
      </object_component>
      <object_component id="oc-382">
         <name>.text:EUSCI_B_SPI_enable</name>
         <load_address>0x194c</load_address>
         <run_address>0x194c</run_address>
         <size>0x16</size>
         <input_file_ref idref="fl-1a"/>
      </object_component>
      <object_component id="oc-da">
         <name>.text:Graphics_setForegroundColor</name>
         <load_address>0x1962</load_address>
         <run_address>0x1962</run_address>
         <size>0x16</size>
         <input_file_ref idref="fl-12"/>
      </object_component>
      <object_component id="oc-1a9">
         <name>.text:Graphics_translateColorOnDisplay</name>
         <load_address>0x1978</load_address>
         <run_address>0x1978</run_address>
         <size>0x16</size>
         <input_file_ref idref="fl-13"/>
      </object_component>
      <object_component id="oc-231">
         <name>.text:Graphics_clearDisplay</name>
         <load_address>0x198e</load_address>
         <run_address>0x198e</run_address>
         <size>0x12</size>
         <input_file_ref idref="fl-12"/>
      </object_component>
      <object_component id="oc-40">
         <name>.text:decompress:ZI:__TI_zero_init_nomemset:__TI_zero_init_nomemset</name>
         <load_address>0x19a0</load_address>
         <run_address>0x19a0</run_address>
         <size>0x12</size>
         <input_file_ref idref="fl-d5"/>
      </object_component>
      <object_component id="oc-c2">
         <name>.text:Graphics_getDisplayHeight</name>
         <load_address>0x19b2</load_address>
         <run_address>0x19b2</run_address>
         <size>0x10</size>
         <input_file_ref idref="fl-12"/>
      </object_component>
      <object_component id="oc-c8">
         <name>.text:Graphics_getDisplayWidth</name>
         <load_address>0x19c2</load_address>
         <run_address>0x19c2</run_address>
         <size>0x10</size>
         <input_file_ref idref="fl-12"/>
      </object_component>
      <object_component id="oc-1a">
         <name>.text:decompress:none:__TI_decompress_none</name>
         <load_address>0x19d2</load_address>
         <run_address>0x19d2</run_address>
         <size>0xe</size>
         <input_file_ref idref="fl-d6"/>
      </object_component>
      <object_component id="oc-64">
         <name>.text:Reset_Handler</name>
         <load_address>0x19e0</load_address>
         <run_address>0x19e0</run_address>
         <size>0xc</size>
         <input_file_ref idref="fl-6"/>
      </object_component>
      <object_component id="oc-2ed">
         <name>.text:_ZN52_INTERNAL_30_Crystalfontz128x128_ST7735_cpp_acdafc1425Crystalfontz128x128_FlushEPK16Graphics_Display</name>
         <load_address>0x19ec</load_address>
         <run_address>0x19ec</run_address>
         <size>0xa</size>
         <input_file_ref idref="fl-4"/>
      </object_component>
      <object_component id="oc-96">
         <name>.text:_system_pre_init</name>
         <load_address>0x19f6</load_address>
         <run_address>0x19f6</run_address>
         <size>0x4</size>
         <input_file_ref idref="fl-dc"/>
      </object_component>
      <object_component id="oc-12a">
         <name>.text:abort:abort</name>
         <load_address>0x19fa</load_address>
         <run_address>0x19fa</run_address>
         <size>0x4</size>
         <input_file_ref idref="fl-de"/>
      </object_component>
      <object_component id="oc-2fb">
         <name>.const:.string:g_pucFontFixed6x8Data</name>
         <load_address>0x1a00</load_address>
         <run_address>0x1a00</run_address>
         <size>0x2f8</size>
         <input_file_ref idref="fl-14"/>
      </object_component>
      <object_component id="oc-23d">
         <name>.const:g_sFontFixed6x8</name>
         <load_address>0x1cf8</load_address>
         <run_address>0x1cf8</run_address>
         <size>0xc8</size>
         <input_file_ref idref="fl-14"/>
      </object_component>
      <object_component id="oc-16f">
         <name>.const:_ctlRegs</name>
         <load_address>0x1dc0</load_address>
         <run_address>0x1dc0</run_address>
         <size>0x80</size>
         <input_file_ref idref="fl-17"/>
      </object_component>
      <object_component id="oc-349">
         <name>.const:GPIO_PORT_TO_BASE</name>
         <load_address>0x1e40</load_address>
         <run_address>0x1e40</run_address>
         <size>0x30</size>
         <input_file_ref idref="fl-18"/>
      </object_component>
      <object_component id="oc-23a">
         <name>.const:g_sCrystalfontz128x128_funcs</name>
         <load_address>0x1e70</load_address>
         <run_address>0x1e70</run_address>
         <size>0x20</size>
         <input_file_ref idref="fl-4"/>
      </object_component>
      <object_component id="oc-345">
         <name>.const:$P$T40$1</name>
         <load_address>0x1e90</load_address>
         <run_address>0x1e90</run_address>
         <size>0x1c</size>
         <input_file_ref idref="fl-5"/>
      </object_component>
      <object_component id="oc-35b">
         <name>.const:$P$T40$1</name>
         <load_address>0x1eac</load_address>
         <run_address>0x1eac</run_address>
         <size>0x8</size>
         <input_file_ref idref="fl-4"/>
      </object_component>
      <object_component id="oc-f3">
         <name>.const:$P$T40$1</name>
         <load_address>0x1eb4</load_address>
         <run_address>0x1eb4</run_address>
         <size>0x8</size>
         <input_file_ref idref="fl-2"/>
      </object_component>
      <object_component id="oc-3cf">
         <name>.cinit..data.load</name>
         <load_address>0x1ec0</load_address>
         <run_address>0x1ec0</run_address>
         <size>0xe</size>
      </object_component>
      <object_component id="oc-3cd">
         <name>__TI_handler_table</name>
         <load_address>0x1ed0</load_address>
         <run_address>0x1ed0</run_address>
         <size>0xc</size>
      </object_component>
      <object_component id="oc-3d0">
         <name>.cinit..bss.load</name>
         <load_address>0x1ee0</load_address>
         <run_address>0x1ee0</run_address>
         <size>0x8</size>
      </object_component>
      <object_component id="oc-3ce">
         <name>__TI_cinit_table</name>
         <load_address>0x1ee8</load_address>
         <run_address>0x1ee8</run_address>
         <size>0x10</size>
      </object_component>
      <object_component id="oc-3a2">
         <name>.binit</name>
         <load_address>0x0</load_address>
         <run_address>0x0</run_address>
         <size>0x0</size>
      </object_component>
      <object_component id="oc-e9">
         <name>.data:indicatorHeight</name>
         <load_address>0x20000040</load_address>
         <run_address>0x20000040</run_address>
         <size>0x2</size>
         <input_file_ref idref="fl-2"/>
      </object_component>
      <object_component id="oc-f0">
         <name>.data</name>
         <load_address>0x20000042</load_address>
         <run_address>0x20000042</run_address>
         <size>0x1</size>
         <input_file_ref idref="fl-2"/>
      </object_component>
      <object_component id="oc-237">
         <name>.data:g_sCrystalfontz128x128</name>
         <load_address>0x20000030</load_address>
         <run_address>0x20000030</run_address>
         <size>0x10</size>
         <input_file_ref idref="fl-4"/>
      </object_component>
      <object_component id="oc-e6">
         <name>.bss:resultsBuffer</name>
         <uninitialized>true</uninitialized>
         <run_address>0x2000001c</run_address>
         <size>0x8</size>
         <input_file_ref idref="fl-2"/>
      </object_component>
      <object_component id="oc-ec">
         <name>.common:g_sContext</name>
         <uninitialized>true</uninitialized>
         <run_address>0x20000000</run_address>
         <size>0x1c</size>
      </object_component>
      <object_component id="oc-2bb">
         <name>.common:Lcd_Orientation</name>
         <uninitialized>true</uninitialized>
         <run_address>0x2000002c</run_address>
         <size>0x1</size>
      </object_component>
      <object_component id="oc-2b1">
         <name>.common:Lcd_ScreenWidth</name>
         <uninitialized>true</uninitialized>
         <run_address>0x20000026</run_address>
         <size>0x2</size>
      </object_component>
      <object_component id="oc-2b5">
         <name>.common:Lcd_ScreenHeigth</name>
         <uninitialized>true</uninitialized>
         <run_address>0x20000024</run_address>
         <size>0x2</size>
      </object_component>
      <object_component id="oc-2b6">
         <name>.common:Lcd_PenSolid</name>
         <uninitialized>true</uninitialized>
         <run_address>0x2000002d</run_address>
         <size>0x1</size>
      </object_component>
      <object_component id="oc-2b7">
         <name>.common:Lcd_FontSolid</name>
         <uninitialized>true</uninitialized>
         <run_address>0x2000002b</run_address>
         <size>0x1</size>
      </object_component>
      <object_component id="oc-2b8">
         <name>.common:Lcd_FlagRead</name>
         <uninitialized>true</uninitialized>
         <run_address>0x2000002a</run_address>
         <size>0x1</size>
      </object_component>
      <object_component id="oc-2b9">
         <name>.common:Lcd_TouchTrim</name>
         <uninitialized>true</uninitialized>
         <run_address>0x20000028</run_address>
         <size>0x2</size>
      </object_component>
      <object_component id="oc-26">
         <name>.stack</name>
         <uninitialized>true</uninitialized>
         <run_address>0x2000fe00</run_address>
         <size>0x4</size>
         <input_file_ref idref="fl-d8"/>
      </object_component>
      <object_component id="oc-3d1">
         <name>.stack</name>
         <uninitialized>true</uninitialized>
         <run_address>0x2000fe00</run_address>
         <size>0x0</size>
      </object_component>
      <object_component id="oc-ed">
         <name>.debug_info</name>
         <load_address>0x0</load_address>
         <run_address>0x0</run_address>
         <size>0x2160</size>
         <input_file_ref idref="fl-2"/>
      </object_component>
      <object_component id="oc-e7">
         <name>.debug_info</name>
         <load_address>0x2160</load_address>
         <run_address>0x2160</run_address>
         <size>0xd5</size>
         <input_file_ref idref="fl-2"/>
      </object_component>
      <object_component id="oc-ea">
         <name>.debug_info</name>
         <load_address>0x2235</load_address>
         <run_address>0x2235</run_address>
         <size>0xda</size>
         <input_file_ref idref="fl-2"/>
      </object_component>
      <object_component id="oc-f1">
         <name>.debug_info</name>
         <load_address>0x230f</load_address>
         <run_address>0x230f</run_address>
         <size>0xd8</size>
         <input_file_ref idref="fl-2"/>
      </object_component>
      <object_component id="oc-f4">
         <name>.debug_info</name>
         <load_address>0x23e7</load_address>
         <run_address>0x23e7</run_address>
         <size>0xcb</size>
         <input_file_ref idref="fl-2"/>
      </object_component>
      <object_component id="oc-9d">
         <name>.debug_info</name>
         <load_address>0x24b2</load_address>
         <run_address>0x24b2</run_address>
         <size>0x163</size>
         <input_file_ref idref="fl-2"/>
      </object_component>
      <object_component id="oc-11e">
         <name>.debug_info</name>
         <load_address>0x2615</load_address>
         <run_address>0x2615</run_address>
         <size>0x1e2</size>
         <input_file_ref idref="fl-2"/>
      </object_component>
      <object_component id="oc-124">
         <name>.debug_info</name>
         <load_address>0x27f7</load_address>
         <run_address>0x27f7</run_address>
         <size>0x160</size>
         <input_file_ref idref="fl-2"/>
      </object_component>
      <object_component id="oc-bd">
         <name>.debug_info</name>
         <load_address>0x2957</load_address>
         <run_address>0x2957</run_address>
         <size>0x1cf</size>
         <input_file_ref idref="fl-2"/>
      </object_component>
      <object_component id="oc-71">
         <name>.debug_info</name>
         <load_address>0x2b26</load_address>
         <run_address>0x2b26</run_address>
         <size>0x35d</size>
         <input_file_ref idref="fl-2"/>
      </object_component>
      <object_component id="oc-1be">
         <name>.debug_info</name>
         <load_address>0x2e83</load_address>
         <run_address>0x2e83</run_address>
         <size>0x139b</size>
         <input_file_ref idref="fl-2"/>
      </object_component>
      <object_component id="oc-1c3">
         <name>.debug_info</name>
         <load_address>0x421e</load_address>
         <run_address>0x421e</run_address>
         <size>0x46de</size>
         <input_file_ref idref="fl-2"/>
      </object_component>
      <object_component id="oc-fc">
         <name>.debug_info</name>
         <load_address>0x88fc</load_address>
         <run_address>0x88fc</run_address>
         <size>0x57e</size>
         <input_file_ref idref="fl-2"/>
      </object_component>
      <object_component id="oc-1c8">
         <name>.debug_info</name>
         <load_address>0x8e7a</load_address>
         <run_address>0x8e7a</run_address>
         <size>0x221</size>
         <input_file_ref idref="fl-2"/>
      </object_component>
      <object_component id="oc-1cd">
         <name>.debug_info</name>
         <load_address>0x909b</load_address>
         <run_address>0x909b</run_address>
         <size>0x73</size>
         <input_file_ref idref="fl-2"/>
      </object_component>
      <object_component id="oc-1d2">
         <name>.debug_info</name>
         <load_address>0x910e</load_address>
         <run_address>0x910e</run_address>
         <size>0xd0</size>
         <input_file_ref idref="fl-2"/>
      </object_component>
      <object_component id="oc-1d7">
         <name>.debug_info</name>
         <load_address>0x91de</load_address>
         <run_address>0x91de</run_address>
         <size>0xbc</size>
         <input_file_ref idref="fl-2"/>
      </object_component>
      <object_component id="oc-1dc">
         <name>.debug_info</name>
         <load_address>0x929a</load_address>
         <run_address>0x929a</run_address>
         <size>0xf8</size>
         <input_file_ref idref="fl-2"/>
      </object_component>
      <object_component id="oc-1e1">
         <name>.debug_info</name>
         <load_address>0x9392</load_address>
         <run_address>0x9392</run_address>
         <size>0x46d</size>
         <input_file_ref idref="fl-2"/>
      </object_component>
      <object_component id="oc-101">
         <name>.debug_info</name>
         <load_address>0x97ff</load_address>
         <run_address>0x97ff</run_address>
         <size>0x8b</size>
         <input_file_ref idref="fl-2"/>
      </object_component>
      <object_component id="oc-1f0">
         <name>.debug_info</name>
         <load_address>0x988a</load_address>
         <run_address>0x988a</run_address>
         <size>0x2c9</size>
         <input_file_ref idref="fl-2"/>
      </object_component>
      <object_component id="oc-204">
         <name>.debug_info</name>
         <load_address>0x9b53</load_address>
         <run_address>0x9b53</run_address>
         <size>0xef</size>
         <input_file_ref idref="fl-2"/>
      </object_component>
      <object_component id="oc-f7">
         <name>.debug_info</name>
         <load_address>0x9c42</load_address>
         <run_address>0x9c42</run_address>
         <size>0xbb</size>
         <input_file_ref idref="fl-2"/>
      </object_component>
      <object_component id="oc-1e6">
         <name>.debug_info</name>
         <load_address>0x9cfd</load_address>
         <run_address>0x9cfd</run_address>
         <size>0x2a1</size>
         <input_file_ref idref="fl-2"/>
      </object_component>
      <object_component id="oc-1eb">
         <name>.debug_info</name>
         <load_address>0x9f9e</load_address>
         <run_address>0x9f9e</run_address>
         <size>0xfe</size>
         <input_file_ref idref="fl-2"/>
      </object_component>
      <object_component id="oc-1f5">
         <name>.debug_info</name>
         <load_address>0xa09c</load_address>
         <run_address>0xa09c</run_address>
         <size>0x195</size>
         <input_file_ref idref="fl-2"/>
      </object_component>
      <object_component id="oc-1fa">
         <name>.debug_info</name>
         <load_address>0xa231</load_address>
         <run_address>0xa231</run_address>
         <size>0x120</size>
         <input_file_ref idref="fl-2"/>
      </object_component>
      <object_component id="oc-1ff">
         <name>.debug_info</name>
         <load_address>0xa351</load_address>
         <run_address>0xa351</run_address>
         <size>0xd0</size>
         <input_file_ref idref="fl-2"/>
      </object_component>
      <object_component id="oc-212">
         <name>.debug_info</name>
         <load_address>0xa421</load_address>
         <run_address>0xa421</run_address>
         <size>0x52f</size>
         <input_file_ref idref="fl-3"/>
      </object_component>
      <object_component id="oc-af">
         <name>.debug_info</name>
         <load_address>0xa950</load_address>
         <run_address>0xa950</run_address>
         <size>0x125</size>
         <input_file_ref idref="fl-3"/>
      </object_component>
      <object_component id="oc-27d">
         <name>.debug_info</name>
         <load_address>0xaa75</load_address>
         <run_address>0xaa75</run_address>
         <size>0x37e2</size>
         <input_file_ref idref="fl-3"/>
      </object_component>
      <object_component id="oc-282">
         <name>.debug_info</name>
         <load_address>0xe257</load_address>
         <run_address>0xe257</run_address>
         <size>0x1055</size>
         <input_file_ref idref="fl-3"/>
      </object_component>
      <object_component id="oc-108">
         <name>.debug_info</name>
         <load_address>0xf2ac</load_address>
         <run_address>0xf2ac</run_address>
         <size>0x26b</size>
         <input_file_ref idref="fl-3"/>
      </object_component>
      <object_component id="oc-2f">
         <name>.debug_info</name>
         <load_address>0xf517</load_address>
         <run_address>0xf517</run_address>
         <size>0x84</size>
         <input_file_ref idref="fl-3"/>
      </object_component>
      <object_component id="oc-20d">
         <name>.debug_info</name>
         <load_address>0xf59b</load_address>
         <run_address>0xf59b</run_address>
         <size>0x297</size>
         <input_file_ref idref="fl-3"/>
      </object_component>
      <object_component id="oc-173">
         <name>.debug_info</name>
         <load_address>0xf832</load_address>
         <run_address>0xf832</run_address>
         <size>0xef</size>
         <input_file_ref idref="fl-3"/>
      </object_component>
      <object_component id="oc-178">
         <name>.debug_info</name>
         <load_address>0xf921</load_address>
         <run_address>0xf921</run_address>
         <size>0xbb</size>
         <input_file_ref idref="fl-3"/>
      </object_component>
      <object_component id="oc-2b2">
         <name>.debug_info</name>
         <load_address>0xf9dc</load_address>
         <run_address>0xf9dc</run_address>
         <size>0x1f68</size>
         <input_file_ref idref="fl-4"/>
      </object_component>
      <object_component id="oc-238">
         <name>.debug_info</name>
         <load_address>0x11944</load_address>
         <run_address>0x11944</run_address>
         <size>0x109</size>
         <input_file_ref idref="fl-4"/>
      </object_component>
      <object_component id="oc-23b">
         <name>.debug_info</name>
         <load_address>0x11a4d</load_address>
         <run_address>0x11a4d</run_address>
         <size>0x115</size>
         <input_file_ref idref="fl-4"/>
      </object_component>
      <object_component id="oc-35c">
         <name>.debug_info</name>
         <load_address>0x11b62</load_address>
         <run_address>0x11b62</run_address>
         <size>0xec</size>
         <input_file_ref idref="fl-4"/>
      </object_component>
      <object_component id="oc-214">
         <name>.debug_info</name>
         <load_address>0x11c4e</load_address>
         <run_address>0x11c4e</run_address>
         <size>0x451</size>
         <input_file_ref idref="fl-4"/>
      </object_component>
      <object_component id="oc-2ac">
         <name>.debug_info</name>
         <load_address>0x1209f</load_address>
         <run_address>0x1209f</run_address>
         <size>0x326</size>
         <input_file_ref idref="fl-4"/>
      </object_component>
      <object_component id="oc-21a">
         <name>.debug_info</name>
         <load_address>0x123c5</load_address>
         <run_address>0x123c5</run_address>
         <size>0x266</size>
         <input_file_ref idref="fl-4"/>
      </object_component>
      <object_component id="oc-2ca">
         <name>.debug_info</name>
         <load_address>0x1262b</load_address>
         <run_address>0x1262b</run_address>
         <size>0x2f3</size>
         <input_file_ref idref="fl-4"/>
      </object_component>
      <object_component id="oc-2d0">
         <name>.debug_info</name>
         <load_address>0x1291e</load_address>
         <run_address>0x1291e</run_address>
         <size>0x47e</size>
         <input_file_ref idref="fl-4"/>
      </object_component>
      <object_component id="oc-2d6">
         <name>.debug_info</name>
         <load_address>0x12d9c</load_address>
         <run_address>0x12d9c</run_address>
         <size>0x30f</size>
         <input_file_ref idref="fl-4"/>
      </object_component>
      <object_component id="oc-2dc">
         <name>.debug_info</name>
         <load_address>0x130ab</load_address>
         <run_address>0x130ab</run_address>
         <size>0x30f</size>
         <input_file_ref idref="fl-4"/>
      </object_component>
      <object_component id="oc-2e2">
         <name>.debug_info</name>
         <load_address>0x133ba</load_address>
         <run_address>0x133ba</run_address>
         <size>0x34f</size>
         <input_file_ref idref="fl-4"/>
      </object_component>
      <object_component id="oc-2e8">
         <name>.debug_info</name>
         <load_address>0x13709</load_address>
         <run_address>0x13709</run_address>
         <size>0x23b</size>
         <input_file_ref idref="fl-4"/>
      </object_component>
      <object_component id="oc-2ee">
         <name>.debug_info</name>
         <load_address>0x13944</load_address>
         <run_address>0x13944</run_address>
         <size>0x1fd</size>
         <input_file_ref idref="fl-4"/>
      </object_component>
      <object_component id="oc-2f4">
         <name>.debug_info</name>
         <load_address>0x13b41</load_address>
         <run_address>0x13b41</run_address>
         <size>0x2d5</size>
         <input_file_ref idref="fl-4"/>
      </object_component>
      <object_component id="oc-38b">
         <name>.debug_info</name>
         <load_address>0x13e16</load_address>
         <run_address>0x13e16</run_address>
         <size>0x1e9a</size>
         <input_file_ref idref="fl-5"/>
      </object_component>
      <object_component id="oc-346">
         <name>.debug_info</name>
         <load_address>0x15cb0</load_address>
         <run_address>0x15cb0</run_address>
         <size>0xff</size>
         <input_file_ref idref="fl-5"/>
      </object_component>
      <object_component id="oc-288">
         <name>.debug_info</name>
         <load_address>0x15daf</load_address>
         <run_address>0x15daf</run_address>
         <size>0x25d</size>
         <input_file_ref idref="fl-5"/>
      </object_component>
      <object_component id="oc-28e">
         <name>.debug_info</name>
         <load_address>0x1600c</load_address>
         <run_address>0x1600c</run_address>
         <size>0x226</size>
         <input_file_ref idref="fl-5"/>
      </object_component>
      <object_component id="oc-2a0">
         <name>.debug_info</name>
         <load_address>0x16232</load_address>
         <run_address>0x16232</run_address>
         <size>0x21d</size>
         <input_file_ref idref="fl-5"/>
      </object_component>
      <object_component id="oc-2a6">
         <name>.debug_info</name>
         <load_address>0x1644f</load_address>
         <run_address>0x1644f</run_address>
         <size>0x1d0</size>
         <input_file_ref idref="fl-5"/>
      </object_component>
      <object_component id="oc-78">
         <name>.debug_info</name>
         <load_address>0x1661f</load_address>
         <run_address>0x1661f</run_address>
         <size>0x2c5</size>
         <input_file_ref idref="fl-6"/>
      </object_component>
      <object_component id="oc-24">
         <name>.debug_info</name>
         <load_address>0x168e4</load_address>
         <run_address>0x168e4</run_address>
         <size>0xf1</size>
         <input_file_ref idref="fl-6"/>
      </object_component>
      <object_component id="oc-65">
         <name>.debug_info</name>
         <load_address>0x169d5</load_address>
         <run_address>0x169d5</run_address>
         <size>0x154</size>
         <input_file_ref idref="fl-6"/>
      </object_component>
      <object_component id="oc-6b">
         <name>.debug_info</name>
         <load_address>0x16b29</load_address>
         <run_address>0x16b29</run_address>
         <size>0x13c</size>
         <input_file_ref idref="fl-6"/>
      </object_component>
      <object_component id="oc-193">
         <name>.debug_info</name>
         <load_address>0x16c65</load_address>
         <run_address>0x16c65</run_address>
         <size>0x55d</size>
         <input_file_ref idref="fl-12"/>
      </object_component>
      <object_component id="oc-223">
         <name>.debug_info</name>
         <load_address>0x171c2</load_address>
         <run_address>0x171c2</run_address>
         <size>0x1eb</size>
         <input_file_ref idref="fl-12"/>
      </object_component>
      <object_component id="oc-229">
         <name>.debug_info</name>
         <load_address>0x173ad</load_address>
         <run_address>0x173ad</run_address>
         <size>0x1ff</size>
         <input_file_ref idref="fl-12"/>
      </object_component>
      <object_component id="oc-22f">
         <name>.debug_info</name>
         <load_address>0x175ac</load_address>
         <run_address>0x175ac</run_address>
         <size>0x1cc</size>
         <input_file_ref idref="fl-12"/>
      </object_component>
      <object_component id="oc-de">
         <name>.debug_info</name>
         <load_address>0x17778</load_address>
         <run_address>0x17778</run_address>
         <size>0x1f2</size>
         <input_file_ref idref="fl-12"/>
      </object_component>
      <object_component id="oc-cc">
         <name>.debug_info</name>
         <load_address>0x1796a</load_address>
         <run_address>0x1796a</run_address>
         <size>0x1a4</size>
         <input_file_ref idref="fl-12"/>
      </object_component>
      <object_component id="oc-c5">
         <name>.debug_info</name>
         <load_address>0x17b0e</load_address>
         <run_address>0x17b0e</run_address>
         <size>0x1a6</size>
         <input_file_ref idref="fl-12"/>
      </object_component>
      <object_component id="oc-234">
         <name>.debug_info</name>
         <load_address>0x17cb4</load_address>
         <run_address>0x17cb4</run_address>
         <size>0x1bf</size>
         <input_file_ref idref="fl-12"/>
      </object_component>
      <object_component id="oc-19d">
         <name>.debug_info</name>
         <load_address>0x17e73</load_address>
         <run_address>0x17e73</run_address>
         <size>0x439</size>
         <input_file_ref idref="fl-12"/>
      </object_component>
      <object_component id="oc-26d">
         <name>.debug_info</name>
         <load_address>0x182ac</load_address>
         <run_address>0x182ac</run_address>
         <size>0x3f7</size>
         <input_file_ref idref="fl-13"/>
      </object_component>
      <object_component id="oc-1b1">
         <name>.debug_info</name>
         <load_address>0x186a3</load_address>
         <run_address>0x186a3</run_address>
         <size>0x21d</size>
         <input_file_ref idref="fl-13"/>
      </object_component>
      <object_component id="oc-271">
         <name>.debug_info</name>
         <load_address>0x188c0</load_address>
         <run_address>0x188c0</run_address>
         <size>0x219</size>
         <input_file_ref idref="fl-13"/>
      </object_component>
      <object_component id="oc-196">
         <name>.debug_info</name>
         <load_address>0x18ad9</load_address>
         <run_address>0x18ad9</run_address>
         <size>0x1fc</size>
         <input_file_ref idref="fl-13"/>
      </object_component>
      <object_component id="oc-1aa">
         <name>.debug_info</name>
         <load_address>0x18cd5</load_address>
         <run_address>0x18cd5</run_address>
         <size>0x1df</size>
         <input_file_ref idref="fl-13"/>
      </object_component>
      <object_component id="oc-2c1">
         <name>.debug_info</name>
         <load_address>0x18eb4</load_address>
         <run_address>0x18eb4</run_address>
         <size>0x1d7</size>
         <input_file_ref idref="fl-13"/>
      </object_component>
      <object_component id="oc-300">
         <name>.debug_info</name>
         <load_address>0x1908b</load_address>
         <run_address>0x1908b</run_address>
         <size>0x278</size>
         <input_file_ref idref="fl-14"/>
      </object_component>
      <object_component id="oc-2fc">
         <name>.debug_info</name>
         <load_address>0x19303</load_address>
         <run_address>0x19303</run_address>
         <size>0x136</size>
         <input_file_ref idref="fl-14"/>
      </object_component>
      <object_component id="oc-23e">
         <name>.debug_info</name>
         <load_address>0x19439</load_address>
         <run_address>0x19439</run_address>
         <size>0x12b</size>
         <input_file_ref idref="fl-14"/>
      </object_component>
      <object_component id="oc-1b7">
         <name>.debug_info</name>
         <load_address>0x19564</load_address>
         <run_address>0x19564</run_address>
         <size>0x537</size>
         <input_file_ref idref="fl-15"/>
      </object_component>
      <object_component id="oc-e1">
         <name>.debug_info</name>
         <load_address>0x19a9b</load_address>
         <run_address>0x19a9b</run_address>
         <size>0x212</size>
         <input_file_ref idref="fl-15"/>
      </object_component>
      <object_component id="oc-1a3">
         <name>.debug_info</name>
         <load_address>0x19cad</load_address>
         <run_address>0x19cad</run_address>
         <size>0x210</size>
         <input_file_ref idref="fl-15"/>
      </object_component>
      <object_component id="oc-19c">
         <name>.debug_info</name>
         <load_address>0x19ebd</load_address>
         <run_address>0x19ebd</run_address>
         <size>0x4f1</size>
         <input_file_ref idref="fl-16"/>
      </object_component>
      <object_component id="oc-d5">
         <name>.debug_info</name>
         <load_address>0x1a3ae</load_address>
         <run_address>0x1a3ae</run_address>
         <size>0x226</size>
         <input_file_ref idref="fl-16"/>
      </object_component>
      <object_component id="oc-cf">
         <name>.debug_info</name>
         <load_address>0x1a5d4</load_address>
         <run_address>0x1a5d4</run_address>
         <size>0x1fa</size>
         <input_file_ref idref="fl-16"/>
      </object_component>
      <object_component id="oc-265">
         <name>.debug_info</name>
         <load_address>0x1a7ce</load_address>
         <run_address>0x1a7ce</run_address>
         <size>0x702</size>
         <input_file_ref idref="fl-17"/>
      </object_component>
      <object_component id="oc-170">
         <name>.debug_info</name>
         <load_address>0x1aed0</load_address>
         <run_address>0x1aed0</run_address>
         <size>0x120</size>
         <input_file_ref idref="fl-17"/>
      </object_component>
      <object_component id="oc-16a">
         <name>.debug_info</name>
         <load_address>0x1aff0</load_address>
         <run_address>0x1aff0</run_address>
         <size>0x1d5</size>
         <input_file_ref idref="fl-17"/>
      </object_component>
      <object_component id="oc-b7">
         <name>.debug_info</name>
         <load_address>0x1b1c5</load_address>
         <run_address>0x1b1c5</run_address>
         <size>0x20b</size>
         <input_file_ref idref="fl-17"/>
      </object_component>
      <object_component id="oc-324">
         <name>.debug_info</name>
         <load_address>0x1b3d0</load_address>
         <run_address>0x1b3d0</run_address>
         <size>0x431a</size>
         <input_file_ref idref="fl-17"/>
      </object_component>
      <object_component id="oc-38f">
         <name>.debug_info</name>
         <load_address>0x1f6ea</load_address>
         <run_address>0x1f6ea</run_address>
         <size>0x6fd</size>
         <input_file_ref idref="fl-18"/>
      </object_component>
      <object_component id="oc-34a">
         <name>.debug_info</name>
         <load_address>0x1fde7</load_address>
         <run_address>0x1fde7</run_address>
         <size>0x131</size>
         <input_file_ref idref="fl-18"/>
      </object_component>
      <object_component id="oc-333">
         <name>.debug_info</name>
         <load_address>0x1ff18</load_address>
         <run_address>0x1ff18</run_address>
         <size>0x24e</size>
         <input_file_ref idref="fl-18"/>
      </object_component>
      <object_component id="oc-32d">
         <name>.debug_info</name>
         <load_address>0x20166</load_address>
         <run_address>0x20166</run_address>
         <size>0x2a1</size>
         <input_file_ref idref="fl-18"/>
      </object_component>
      <object_component id="oc-29a">
         <name>.debug_info</name>
         <load_address>0x20407</load_address>
         <run_address>0x20407</run_address>
         <size>0x256</size>
         <input_file_ref idref="fl-18"/>
      </object_component>
      <object_component id="oc-294">
         <name>.debug_info</name>
         <load_address>0x2065d</load_address>
         <run_address>0x2065d</run_address>
         <size>0x254</size>
         <input_file_ref idref="fl-18"/>
      </object_component>
      <object_component id="oc-37b">
         <name>.debug_info</name>
         <load_address>0x208b1</load_address>
         <run_address>0x208b1</run_address>
         <size>0x6f0</size>
         <input_file_ref idref="fl-1a"/>
      </object_component>
      <object_component id="oc-375">
         <name>.debug_info</name>
         <load_address>0x20fa1</load_address>
         <run_address>0x20fa1</run_address>
         <size>0x1c2</size>
         <input_file_ref idref="fl-1a"/>
      </object_component>
      <object_component id="oc-33a">
         <name>.debug_info</name>
         <load_address>0x21163</load_address>
         <run_address>0x21163</run_address>
         <size>0x226</size>
         <input_file_ref idref="fl-1a"/>
      </object_component>
      <object_component id="oc-340">
         <name>.debug_info</name>
         <load_address>0x21389</load_address>
         <run_address>0x21389</run_address>
         <size>0x230</size>
         <input_file_ref idref="fl-1a"/>
      </object_component>
      <object_component id="oc-383">
         <name>.debug_info</name>
         <load_address>0x215b9</load_address>
         <run_address>0x215b9</run_address>
         <size>0x1e4</size>
         <input_file_ref idref="fl-1a"/>
      </object_component>
      <object_component id="oc-37d">
         <name>.debug_info</name>
         <load_address>0x2179d</load_address>
         <run_address>0x2179d</run_address>
         <size>0x1e4</size>
         <input_file_ref idref="fl-1a"/>
      </object_component>
      <object_component id="oc-395">
         <name>.debug_info</name>
         <load_address>0x21981</load_address>
         <run_address>0x21981</run_address>
         <size>0x131</size>
         <input_file_ref idref="fl-1a"/>
      </object_component>
      <object_component id="oc-188">
         <name>.debug_info</name>
         <load_address>0x21ab2</load_address>
         <run_address>0x21ab2</run_address>
         <size>0x150</size>
         <input_file_ref idref="fl-d1"/>
      </object_component>
      <object_component id="oc-183">
         <name>.debug_info</name>
         <load_address>0x21c02</load_address>
         <run_address>0x21c02</run_address>
         <size>0x13e</size>
         <input_file_ref idref="fl-d2"/>
      </object_component>
      <object_component id="oc-18d">
         <name>.debug_info</name>
         <load_address>0x21d40</load_address>
         <run_address>0x21d40</run_address>
         <size>0x142</size>
         <input_file_ref idref="fl-d3"/>
      </object_component>
      <object_component id="oc-17e">
         <name>.debug_info</name>
         <load_address>0x21e82</load_address>
         <run_address>0x21e82</run_address>
         <size>0x132</size>
         <input_file_ref idref="fl-d4"/>
      </object_component>
      <object_component id="oc-8f">
         <name>.debug_info</name>
         <load_address>0x21fb4</load_address>
         <run_address>0x21fb4</run_address>
         <size>0x2d8</size>
         <input_file_ref idref="fl-d5"/>
      </object_component>
      <object_component id="oc-41">
         <name>.debug_info</name>
         <load_address>0x2228c</load_address>
         <run_address>0x2228c</run_address>
         <size>0x1c3</size>
         <input_file_ref idref="fl-d5"/>
      </object_component>
      <object_component id="oc-8a">
         <name>.debug_info</name>
         <load_address>0x2244f</load_address>
         <run_address>0x2244f</run_address>
         <size>0x46</size>
         <input_file_ref idref="fl-d5"/>
      </object_component>
      <object_component id="oc-114">
         <name>.debug_info</name>
         <load_address>0x22495</load_address>
         <run_address>0x22495</run_address>
         <size>0x2c</size>
         <input_file_ref idref="fl-d5"/>
      </object_component>
      <object_component id="oc-3f">
         <name>.debug_info</name>
         <load_address>0x224c1</load_address>
         <run_address>0x224c1</run_address>
         <size>0x2ac</size>
         <input_file_ref idref="fl-d6"/>
      </object_component>
      <object_component id="oc-1b">
         <name>.debug_info</name>
         <load_address>0x2276d</load_address>
         <run_address>0x2276d</run_address>
         <size>0x1ee</size>
         <input_file_ref idref="fl-d6"/>
      </object_component>
      <object_component id="oc-3a">
         <name>.debug_info</name>
         <load_address>0x2295b</load_address>
         <run_address>0x2295b</run_address>
         <size>0x46</size>
         <input_file_ref idref="fl-d6"/>
      </object_component>
      <object_component id="oc-82">
         <name>.debug_info</name>
         <load_address>0x229a1</load_address>
         <run_address>0x229a1</run_address>
         <size>0x2c</size>
         <input_file_ref idref="fl-d6"/>
      </object_component>
      <object_component id="oc-80">
         <name>.debug_info</name>
         <load_address>0x229cd</load_address>
         <run_address>0x229cd</run_address>
         <size>0x2a2</size>
         <input_file_ref idref="fl-d7"/>
      </object_component>
      <object_component id="oc-15">
         <name>.debug_info</name>
         <load_address>0x22c6f</load_address>
         <run_address>0x22c6f</run_address>
         <size>0x254</size>
         <input_file_ref idref="fl-d7"/>
      </object_component>
      <object_component id="oc-2a">
         <name>.debug_info</name>
         <load_address>0x22ec3</load_address>
         <run_address>0x22ec3</run_address>
         <size>0x60</size>
         <input_file_ref idref="fl-d7"/>
      </object_component>
      <object_component id="oc-10d">
         <name>.debug_info</name>
         <load_address>0x22f23</load_address>
         <run_address>0x22f23</run_address>
         <size>0x46</size>
         <input_file_ref idref="fl-d7"/>
      </object_component>
      <object_component id="oc-7b">
         <name>.debug_info</name>
         <load_address>0x22f69</load_address>
         <run_address>0x22f69</run_address>
         <size>0x39</size>
         <input_file_ref idref="fl-d7"/>
      </object_component>
      <object_component id="oc-27">
         <name>.debug_info</name>
         <load_address>0x22fa2</load_address>
         <run_address>0x22fa2</run_address>
         <size>0x10f</size>
         <input_file_ref idref="fl-d8"/>
      </object_component>
      <object_component id="oc-53">
         <name>.debug_info</name>
         <load_address>0x230b1</load_address>
         <run_address>0x230b1</run_address>
         <size>0x1ad</size>
         <input_file_ref idref="fl-d8"/>
      </object_component>
      <object_component id="oc-35">
         <name>.debug_info</name>
         <load_address>0x2325e</load_address>
         <run_address>0x2325e</run_address>
         <size>0x11d</size>
         <input_file_ref idref="fl-d9"/>
      </object_component>
      <object_component id="oc-24d">
         <name>.debug_info</name>
         <load_address>0x2337b</load_address>
         <run_address>0x2337b</run_address>
         <size>0x4b7</size>
         <input_file_ref idref="fl-db"/>
      </object_component>
      <object_component id="oc-137">
         <name>.debug_info</name>
         <load_address>0x23832</load_address>
         <run_address>0x23832</run_address>
         <size>0x1aa</size>
         <input_file_ref idref="fl-db"/>
      </object_component>
      <object_component id="oc-311">
         <name>.debug_info</name>
         <load_address>0x239dc</load_address>
         <run_address>0x239dc</run_address>
         <size>0x39</size>
         <input_file_ref idref="fl-db"/>
      </object_component>
      <object_component id="oc-366">
         <name>.debug_info</name>
         <load_address>0x23a15</load_address>
         <run_address>0x23a15</run_address>
         <size>0x39</size>
         <input_file_ref idref="fl-db"/>
      </object_component>
      <object_component id="oc-316">
         <name>.debug_info</name>
         <load_address>0x23a4e</load_address>
         <run_address>0x23a4e</run_address>
         <size>0x39</size>
         <input_file_ref idref="fl-db"/>
      </object_component>
      <object_component id="oc-31b">
         <name>.debug_info</name>
         <load_address>0x23a87</load_address>
         <run_address>0x23a87</run_address>
         <size>0xcd</size>
         <input_file_ref idref="fl-db"/>
      </object_component>
      <object_component id="oc-97">
         <name>.debug_info</name>
         <load_address>0x23b54</load_address>
         <run_address>0x23b54</run_address>
         <size>0x157</size>
         <input_file_ref idref="fl-dc"/>
      </object_component>
      <object_component id="oc-12b">
         <name>.debug_info</name>
         <load_address>0x23cab</load_address>
         <run_address>0x23cab</run_address>
         <size>0x126</size>
         <input_file_ref idref="fl-de"/>
      </object_component>
      <object_component id="oc-3d2">
         <name>.debug_info</name>
         <load_address>0x23dd1</load_address>
         <run_address>0x23dd1</run_address>
         <size>0x99</size>
      </object_component>
      <object_component id="oc-1bd">
         <name>.debug_line</name>
         <load_address>0x0</load_address>
         <run_address>0x0</run_address>
         <size>0x130</size>
         <input_file_ref idref="fl-2"/>
      </object_component>
      <object_component id="oc-1b9">
         <name>.debug_line</name>
         <load_address>0x130</load_address>
         <run_address>0x130</run_address>
         <size>0x2f</size>
         <input_file_ref idref="fl-2"/>
      </object_component>
      <object_component id="oc-1bb">
         <name>.debug_line</name>
         <load_address>0x15f</load_address>
         <run_address>0x15f</run_address>
         <size>0x2f</size>
         <input_file_ref idref="fl-2"/>
      </object_component>
      <object_component id="oc-20a">
         <name>.debug_line</name>
         <load_address>0x18e</load_address>
         <run_address>0x18e</run_address>
         <size>0x2f</size>
         <input_file_ref idref="fl-2"/>
      </object_component>
      <object_component id="oc-20c">
         <name>.debug_line</name>
         <load_address>0x1bd</load_address>
         <run_address>0x1bd</run_address>
         <size>0x2f</size>
         <input_file_ref idref="fl-2"/>
      </object_component>
      <object_component id="oc-a0">
         <name>.debug_line</name>
         <load_address>0x1ec</load_address>
         <run_address>0x1ec</run_address>
         <size>0x58</size>
         <input_file_ref idref="fl-2"/>
      </object_component>
      <object_component id="oc-121">
         <name>.debug_line</name>
         <load_address>0x244</load_address>
         <run_address>0x244</run_address>
         <size>0x4d</size>
         <input_file_ref idref="fl-2"/>
      </object_component>
      <object_component id="oc-127">
         <name>.debug_line</name>
         <load_address>0x291</load_address>
         <run_address>0x291</run_address>
         <size>0x54</size>
         <input_file_ref idref="fl-2"/>
      </object_component>
      <object_component id="oc-c0">
         <name>.debug_line</name>
         <load_address>0x2e5</load_address>
         <run_address>0x2e5</run_address>
         <size>0x4b</size>
         <input_file_ref idref="fl-2"/>
      </object_component>
      <object_component id="oc-74">
         <name>.debug_line</name>
         <load_address>0x330</load_address>
         <run_address>0x330</run_address>
         <size>0x85</size>
         <input_file_ref idref="fl-2"/>
      </object_component>
      <object_component id="oc-1c1">
         <name>.debug_line</name>
         <load_address>0x3b5</load_address>
         <run_address>0x3b5</run_address>
         <size>0x82</size>
         <input_file_ref idref="fl-2"/>
      </object_component>
      <object_component id="oc-1c6">
         <name>.debug_line</name>
         <load_address>0x437</load_address>
         <run_address>0x437</run_address>
         <size>0x85</size>
         <input_file_ref idref="fl-2"/>
      </object_component>
      <object_component id="oc-ff">
         <name>.debug_line</name>
         <load_address>0x4bc</load_address>
         <run_address>0x4bc</run_address>
         <size>0x6e</size>
         <input_file_ref idref="fl-2"/>
      </object_component>
      <object_component id="oc-1cb">
         <name>.debug_line</name>
         <load_address>0x52a</load_address>
         <run_address>0x52a</run_address>
         <size>0x86</size>
         <input_file_ref idref="fl-2"/>
      </object_component>
      <object_component id="oc-1d0">
         <name>.debug_line</name>
         <load_address>0x5b0</load_address>
         <run_address>0x5b0</run_address>
         <size>0x88</size>
         <input_file_ref idref="fl-2"/>
      </object_component>
      <object_component id="oc-1d5">
         <name>.debug_line</name>
         <load_address>0x638</load_address>
         <run_address>0x638</run_address>
         <size>0x86</size>
         <input_file_ref idref="fl-2"/>
      </object_component>
      <object_component id="oc-1da">
         <name>.debug_line</name>
         <load_address>0x6be</load_address>
         <run_address>0x6be</run_address>
         <size>0x83</size>
         <input_file_ref idref="fl-2"/>
      </object_component>
      <object_component id="oc-1df">
         <name>.debug_line</name>
         <load_address>0x741</load_address>
         <run_address>0x741</run_address>
         <size>0x85</size>
         <input_file_ref idref="fl-2"/>
      </object_component>
      <object_component id="oc-1e4">
         <name>.debug_line</name>
         <load_address>0x7c6</load_address>
         <run_address>0x7c6</run_address>
         <size>0x87</size>
         <input_file_ref idref="fl-2"/>
      </object_component>
      <object_component id="oc-104">
         <name>.debug_line</name>
         <load_address>0x84d</load_address>
         <run_address>0x84d</run_address>
         <size>0x20</size>
         <input_file_ref idref="fl-2"/>
      </object_component>
      <object_component id="oc-1f3">
         <name>.debug_line</name>
         <load_address>0x86d</load_address>
         <run_address>0x86d</run_address>
         <size>0x7d</size>
         <input_file_ref idref="fl-2"/>
      </object_component>
      <object_component id="oc-207">
         <name>.debug_line</name>
         <load_address>0x8ea</load_address>
         <run_address>0x8ea</run_address>
         <size>0x79</size>
         <input_file_ref idref="fl-2"/>
      </object_component>
      <object_component id="oc-fa">
         <name>.debug_line</name>
         <load_address>0x963</load_address>
         <run_address>0x963</run_address>
         <size>0x7a</size>
         <input_file_ref idref="fl-2"/>
      </object_component>
      <object_component id="oc-1e9">
         <name>.debug_line</name>
         <load_address>0x9dd</load_address>
         <run_address>0x9dd</run_address>
         <size>0x79</size>
         <input_file_ref idref="fl-2"/>
      </object_component>
      <object_component id="oc-1ee">
         <name>.debug_line</name>
         <load_address>0xa56</load_address>
         <run_address>0xa56</run_address>
         <size>0x74</size>
         <input_file_ref idref="fl-2"/>
      </object_component>
      <object_component id="oc-1f8">
         <name>.debug_line</name>
         <load_address>0xaca</load_address>
         <run_address>0xaca</run_address>
         <size>0x83</size>
         <input_file_ref idref="fl-2"/>
      </object_component>
      <object_component id="oc-1fd">
         <name>.debug_line</name>
         <load_address>0xb4d</load_address>
         <run_address>0xb4d</run_address>
         <size>0x84</size>
         <input_file_ref idref="fl-2"/>
      </object_component>
      <object_component id="oc-202">
         <name>.debug_line</name>
         <load_address>0xbd1</load_address>
         <run_address>0xbd1</run_address>
         <size>0x83</size>
         <input_file_ref idref="fl-2"/>
      </object_component>
      <object_component id="oc-27c">
         <name>.debug_line</name>
         <load_address>0xc54</load_address>
         <run_address>0xc54</run_address>
         <size>0x20</size>
         <input_file_ref idref="fl-3"/>
      </object_component>
      <object_component id="oc-b2">
         <name>.debug_line</name>
         <load_address>0xc74</load_address>
         <run_address>0xc74</run_address>
         <size>0x66</size>
         <input_file_ref idref="fl-3"/>
      </object_component>
      <object_component id="oc-280">
         <name>.debug_line</name>
         <load_address>0xcda</load_address>
         <run_address>0xcda</run_address>
         <size>0x85</size>
         <input_file_ref idref="fl-3"/>
      </object_component>
      <object_component id="oc-285">
         <name>.debug_line</name>
         <load_address>0xd5f</load_address>
         <run_address>0xd5f</run_address>
         <size>0x82</size>
         <input_file_ref idref="fl-3"/>
      </object_component>
      <object_component id="oc-10b">
         <name>.debug_line</name>
         <load_address>0xde1</load_address>
         <run_address>0xde1</run_address>
         <size>0x79</size>
         <input_file_ref idref="fl-3"/>
      </object_component>
      <object_component id="oc-32">
         <name>.debug_line</name>
         <load_address>0xe5a</load_address>
         <run_address>0xe5a</run_address>
         <size>0x20</size>
         <input_file_ref idref="fl-3"/>
      </object_component>
      <object_component id="oc-210">
         <name>.debug_line</name>
         <load_address>0xe7a</load_address>
         <run_address>0xe7a</run_address>
         <size>0x7d</size>
         <input_file_ref idref="fl-3"/>
      </object_component>
      <object_component id="oc-176">
         <name>.debug_line</name>
         <load_address>0xef7</load_address>
         <run_address>0xef7</run_address>
         <size>0x79</size>
         <input_file_ref idref="fl-3"/>
      </object_component>
      <object_component id="oc-17b">
         <name>.debug_line</name>
         <load_address>0xf70</load_address>
         <run_address>0xf70</run_address>
         <size>0x7a</size>
         <input_file_ref idref="fl-3"/>
      </object_component>
      <object_component id="oc-352">
         <name>.debug_line</name>
         <load_address>0xfea</load_address>
         <run_address>0xfea</run_address>
         <size>0x115</size>
         <input_file_ref idref="fl-4"/>
      </object_component>
      <object_component id="oc-2c8">
         <name>.debug_line</name>
         <load_address>0x10ff</load_address>
         <run_address>0x10ff</run_address>
         <size>0x4f</size>
         <input_file_ref idref="fl-4"/>
      </object_component>
      <object_component id="oc-2fa">
         <name>.debug_line</name>
         <load_address>0x114e</load_address>
         <run_address>0x114e</run_address>
         <size>0x4f</size>
         <input_file_ref idref="fl-4"/>
      </object_component>
      <object_component id="oc-391">
         <name>.debug_line</name>
         <load_address>0x119d</load_address>
         <run_address>0x119d</run_address>
         <size>0x4f</size>
         <input_file_ref idref="fl-4"/>
      </object_component>
      <object_component id="oc-217">
         <name>.debug_line</name>
         <load_address>0x11ec</load_address>
         <run_address>0x11ec</run_address>
         <size>0x97</size>
         <input_file_ref idref="fl-4"/>
      </object_component>
      <object_component id="oc-2af">
         <name>.debug_line</name>
         <load_address>0x1283</load_address>
         <run_address>0x1283</run_address>
         <size>0x90</size>
         <input_file_ref idref="fl-4"/>
      </object_component>
      <object_component id="oc-21d">
         <name>.debug_line</name>
         <load_address>0x1313</load_address>
         <run_address>0x1313</run_address>
         <size>0x73</size>
         <input_file_ref idref="fl-4"/>
      </object_component>
      <object_component id="oc-2cd">
         <name>.debug_line</name>
         <load_address>0x1386</load_address>
         <run_address>0x1386</run_address>
         <size>0x6a</size>
         <input_file_ref idref="fl-4"/>
      </object_component>
      <object_component id="oc-2d3">
         <name>.debug_line</name>
         <load_address>0x13f0</load_address>
         <run_address>0x13f0</run_address>
         <size>0xff</size>
         <input_file_ref idref="fl-4"/>
      </object_component>
      <object_component id="oc-2d9">
         <name>.debug_line</name>
         <load_address>0x14ef</load_address>
         <run_address>0x14ef</run_address>
         <size>0x75</size>
         <input_file_ref idref="fl-4"/>
      </object_component>
      <object_component id="oc-2df">
         <name>.debug_line</name>
         <load_address>0x1564</load_address>
         <run_address>0x1564</run_address>
         <size>0x75</size>
         <input_file_ref idref="fl-4"/>
      </object_component>
      <object_component id="oc-2e5">
         <name>.debug_line</name>
         <load_address>0x15d9</load_address>
         <run_address>0x15d9</run_address>
         <size>0x80</size>
         <input_file_ref idref="fl-4"/>
      </object_component>
      <object_component id="oc-2eb">
         <name>.debug_line</name>
         <load_address>0x1659</load_address>
         <run_address>0x1659</run_address>
         <size>0x67</size>
         <input_file_ref idref="fl-4"/>
      </object_component>
      <object_component id="oc-2f1">
         <name>.debug_line</name>
         <load_address>0x16c0</load_address>
         <run_address>0x16c0</run_address>
         <size>0x62</size>
         <input_file_ref idref="fl-4"/>
      </object_component>
      <object_component id="oc-2f7">
         <name>.debug_line</name>
         <load_address>0x1722</load_address>
         <run_address>0x1722</run_address>
         <size>0x6a</size>
         <input_file_ref idref="fl-4"/>
      </object_component>
      <object_component id="oc-39d">
         <name>.debug_line</name>
         <load_address>0x178c</load_address>
         <run_address>0x178c</run_address>
         <size>0xe7</size>
         <input_file_ref idref="fl-5"/>
      </object_component>
      <object_component id="oc-38a">
         <name>.debug_line</name>
         <load_address>0x1873</load_address>
         <run_address>0x1873</run_address>
         <size>0x63</size>
         <input_file_ref idref="fl-5"/>
      </object_component>
[...]
      <cptbl>
         <name>__TI_cinit_table</name>
         <cprec>
            <name>.data</name>
            <load_address>0x1ec0</load_address>
            <load_size>0xe</load_size>
            <run_address>0x20000030</run_address>
            <run_size>0x13</run_size>
            <compression>lzss</compression>
         </cprec>
         <cprec>
            <name>.bss</name>
            <load_address>0x1ee0</load_address>
            <load_size>0x8</load_size>
            <run_address>0x20000000</run_address>
            <run_size>0x2e</run_size>
            <compression>zero_init</compression>
         </cprec>
      </cptbl>
   </cptbl_list>
   <handler_table>
      <handler_table_name>__TI_handler_table</handler_table_name>
      <handler>
         <index>0x0</index>
         <name>__TI_decompress_lzss</name>
      </handler>
      <handler>
         <index>0x1</index>
         <name>__TI_decompress_none</name>
      </handler>
      <handler>
         <index>0x2</index>
         <name>__TI_zero_init</name>
      </handler>
   </handler_table>
   <symbol_table>
      <symbol id="sm-1">
         <name>WDTCTL_SYM</name>
         <value>0x4000480c</value>
      </symbol>
      <symbol id="sm-2">
         <name>__TI_CINIT_Base</name>
         <value>0x1ee8</value>
      </symbol>
      <symbol id="sm-3">
         <name>__TI_CINIT_Limit</name>
         <value>0x1ef8</value>
      </symbol>
      <symbol id="sm-4">
         <name>__TI_Handler_Table_Base</name>
         <value>0x1ed0</value>
      </symbol>
      <symbol id="sm-5">
         <name>__TI_Handler_Table_Limit</name>
         <value>0x1edc</value>
      </symbol>
      <symbol id="sm-6">
         <name>binit</name>
         <value>0xffffffff</value>
      </symbol>
      <symbol id="sm-7">
         <name>__binit__</name>
         <value>0xffffffff</value>
      </symbol>
      <symbol id="sm-8">
         <name>__STACK_SIZE</name>
         <value>0x200</value>
      </symbol>
      <symbol id="sm-9">
         <name>__STACK_END</name>
         <value>0x20010000</value>
      </symbol>
      <symbol id="sm-a">
         <name>__c_args__</name>
         <value>0xffffffff</value>
      </symbol>
      <symbol id="sm-b">
         <name>__TI_pprof_out_hndl</name>
         <value>0xffffffff</value>
      </symbol>
      <symbol id="sm-c">
         <name>__TI_prof_data_start</name>
         <value>0xffffffff</value>
      </symbol>
      <symbol id="sm-d">
         <name>__TI_prof_data_size</name>
         <value>0xffffffff</value>
      </symbol>
      <symbol id="sm-f3">
         <name>g_sContext</name>
         <value>0x20000000</value>
      </symbol>
      <symbol id="sm-f4">
         <name>_Z8ADCSetupv</name>
         <value>0xbfd</value>
         <object_component_ref idref="oc-123"/>
      </symbol>
      <symbol id="sm-f5">
         <name>_Z10conversionP16Graphics_Contextt</name>
         <value>0x11cd</value>
         <object_component_ref idref="oc-bc"/>
      </symbol>
      <symbol id="sm-f6">
         <name>main</name>
         <value>0xd81</value>
         <object_component_ref idref="oc-9c"/>
      </symbol>
      <symbol id="sm-f7">
         <name>ADC14_IRQHandler</name>
         <value>0x475</value>
         <object_component_ref idref="oc-70"/>
      </symbol>
      <symbol id="sm-f8">
         <name>initialReading</name>
         <value>0x20000042</value>
         <object_component_ref idref="oc-f0"/>
      </symbol>
      <symbol id="sm-f9">
         <name>indicatorHeight</name>
         <value>0x20000040</value>
         <object_component_ref idref="oc-e9"/>
      </symbol>
      <symbol id="sm-fa">
         <name>_Z8LCDSetupv</name>
         <value>0x150d</value>
         <object_component_ref idref="oc-11d"/>
      </symbol>
      <symbol id="sm-133">
         <name>SystemInit</name>
         <value>0x1255</value>
         <object_component_ref idref="oc-ae"/>
      </symbol>
      <symbol id="sm-1e3">
         <name>Lcd_Orientation</name>
         <value>0x2000002c</value>
      </symbol>
      <symbol id="sm-1e4">
         <name>Lcd_ScreenWidth</name>
         <value>0x20000026</value>
      </symbol>
      <symbol id="sm-1e5">
         <name>Lcd_ScreenHeigth</name>
         <value>0x20000024</value>
      </symbol>
      <symbol id="sm-1e6">
         <name>Lcd_PenSolid</name>
         <value>0x2000002d</value>
      </symbol>
      <symbol id="sm-1e7">
         <name>Lcd_FontSolid</name>
         <value>0x2000002b</value>
      </symbol>
      <symbol id="sm-1e8">
         <name>Lcd_FlagRead</name>
         <value>0x2000002a</value>
      </symbol>
      <symbol id="sm-1e9">
         <name>Lcd_TouchTrim</name>
         <value>0x20000028</value>
      </symbol>
      <symbol id="sm-1ea">
         <name>_Z34Crystalfontz128x128_SetOrientationh</name>
         <value>0x1465</value>
         <object_component_ref idref="oc-219"/>
      </symbol>
      <symbol id="sm-1eb">
         <name>_Z24Crystalfontz128x128_Initv</name>
         <value>0x9bd</value>
         <object_component_ref idref="oc-213"/>
      </symbol>
      <symbol id="sm-1ec">
         <name>g_sCrystalfontz128x128_funcs</name>
         <value>0x1e70</value>
         <object_component_ref idref="oc-23a"/>
      </symbol>
      <symbol id="sm-1ed">
         <name>g_sCrystalfontz128x128</name>
         <value>0x20000030</value>
         <object_component_ref idref="oc-237"/>
      </symbol>
      <symbol id="sm-1ee">
         <name>_Z32Crystalfontz128x128_SetDrawFrametttt</name>
         <value>0x889</value>
         <object_component_ref idref="oc-2ab"/>
      </symbol>
      <symbol id="sm-228">
         <name>_Z17HAL_LCD_writeDatah</name>
         <value>0x17a1</value>
         <object_component_ref idref="oc-2a5"/>
      </symbol>
      <symbol id="sm-229">
         <name>_Z15HAL_LCD_SpiInitv</name>
         <value>0x15d9</value>
         <object_component_ref idref="oc-28d"/>
      </symbol>
      <symbol id="sm-22a">
         <name>_Z20HAL_LCD_writeCommandh</name>
         <value>0x1699</value>
         <object_component_ref idref="oc-29f"/>
      </symbol>
      <symbol id="sm-22b">
         <name>_Z16HAL_LCD_PortInitv</name>
         <value>0x1771</value>
         <object_component_ref idref="oc-287"/>
      </symbol>
      <symbol id="sm-247">
         <name>Reset_Handler</name>
         <value>0x19e1</value>
         <object_component_ref idref="oc-64"/>
      </symbol>
      <symbol id="sm-248">
         <name>Default_Handler</name>
         <value>0x473</value>
         <object_component_ref idref="oc-6a"/>
      </symbol>
      <symbol id="sm-249">
         <name>interruptVectors</name>
         <value>0x0</value>
         <object_component_ref idref="oc-23"/>
      </symbol>
      <symbol id="sm-28b">
         <name>Graphics_getDisplayWidth</name>
         <value>0x19c3</value>
         <object_component_ref idref="oc-c8"/>
      </symbol>
      <symbol id="sm-28c">
         <name>Graphics_getDisplayHeight</name>
         <value>0x19b3</value>
         <object_component_ref idref="oc-c2"/>
      </symbol>
      <symbol id="sm-28d">
         <name>Graphics_setBackgroundColor</name>
         <value>0x1903</value>
         <object_component_ref idref="oc-225"/>
      </symbol>
      <symbol id="sm-28e">
         <name>Graphics_setFont</name>
         <value>0x191d</value>
         <object_component_ref idref="oc-22b"/>
      </symbol>
      <symbol id="sm-28f">
         <name>Graphics_initContext</name>
         <value>0x14b9</value>
         <object_component_ref idref="oc-21f"/>
      </symbol>
      <symbol id="sm-290">
         <name>Graphics_setForegroundColor</name>
         <value>0x1963</value>
         <object_component_ref idref="oc-da"/>
      </symbol>
      <symbol id="sm-291">
         <name>Graphics_clearDisplay</name>
         <value>0x198f</value>
         <object_component_ref idref="oc-231"/>
      </symbol>
      <symbol id="sm-2be">
         <name>Graphics_clearDisplayOnDisplay</name>
         <value>0x18e9</value>
         <object_component_ref idref="oc-2c0"/>
      </symbol>
      <symbol id="sm-2bf">
         <name>Graphics_translateColorOnDisplay</name>
         <value>0x1979</value>
         <object_component_ref idref="oc-1a9"/>
      </symbol>
      <symbol id="sm-2c0">
         <name>Graphics_drawHorizontalLineOnDisplay</name>
         <value>0x16d1</value>
         <object_component_ref idref="oc-1b0"/>
      </symbol>
      <symbol id="sm-2c1">
         <name>Graphics_drawVerticalLineOnDisplay</name>
         <value>0x1707</value>
         <object_component_ref idref="oc-270"/>
      </symbol>
      <symbol id="sm-2c2">
         <name>Graphics_fillRectangleOnDisplay</name>
         <value>0x1891</value>
         <object_component_ref idref="oc-195"/>
      </symbol>
      <symbol id="sm-2d4">
         <name>g_sFontFixed6x8</name>
         <value>0x1cf8</value>
         <object_component_ref idref="oc-23d"/>
      </symbol>
      <symbol id="sm-2f5">
         <name>Graphics_drawLineH</name>
         <value>0xed3</value>
         <object_component_ref idref="oc-e0"/>
      </symbol>
      <symbol id="sm-2f6">
         <name>Graphics_drawLineV</name>
         <value>0xf6f</value>
         <object_component_ref idref="oc-1a2"/>
      </symbol>
      <symbol id="sm-316">
         <name>Graphics_drawRectangle</name>
         <value>0xe31</value>
         <object_component_ref idref="oc-d4"/>
      </symbol>
      <symbol id="sm-317">
         <name>Graphics_fillRectangle</name>
         <value>0xae9</value>
         <object_component_ref idref="oc-ce"/>
      </symbol>
      <symbol id="sm-363">
         <name>ADC14_getResult</name>
         <value>0x18b1</value>
         <object_component_ref idref="oc-b6"/>
      </symbol>
      <symbol id="sm-39c">
         <name>GPIO_setOutputHighOnPin</name>
         <value>0x17f9</value>
         <object_component_ref idref="oc-299"/>
      </symbol>
      <symbol id="sm-39d">
         <name>GPIO_setAsOutputPin</name>
         <value>0x1599</value>
         <object_component_ref idref="oc-332"/>
      </symbol>
      <symbol id="sm-39e">
         <name>GPIO_setOutputLowOnPin</name>
         <value>0x1821</value>
         <object_component_ref idref="oc-293"/>
      </symbol>
      <symbol id="sm-39f">
         <name>GPIO_setAsPeripheralModuleFunctionOutputPin</name>
         <value>0x1145</value>
         <object_component_ref idref="oc-32c"/>
      </symbol>
      <symbol id="sm-3df">
         <name>EUSCI_B_SPI_enable</name>
         <value>0x194d</value>
         <object_component_ref idref="oc-382"/>
      </symbol>
      <symbol id="sm-3e0">
         <name>SPI_enableModule</name>
         <value>0x18cd</value>
         <object_component_ref idref="oc-33f"/>
      </symbol>
      <symbol id="sm-3e1">
         <name>EUSCI_A_SPI_enable</name>
         <value>0x1937</value>
         <object_component_ref idref="oc-37c"/>
      </symbol>
      <symbol id="sm-3e2">
         <name>SPI_initMaster</name>
         <value>0xcd1</value>
         <object_component_ref idref="oc-339"/>
      </symbol>
      <symbol id="sm-3fa">
         <name>__aeabi_dsub</name>
         <value>0x2bd</value>
         <object_component_ref idref="oc-187"/>
      </symbol>
      <symbol id="sm-3fb">
         <name>__aeabi_dadd</name>
         <value>0x2c7</value>
         <object_component_ref idref="oc-187"/>
      </symbol>
      <symbol id="sm-40f">
         <name>__aeabi_ddiv</name>
         <value>0x751</value>
         <object_component_ref idref="oc-182"/>
      </symbol>
      <symbol id="sm-41b">
         <name>__aeabi_d2f</name>
         <value>0x12cd</value>
         <object_component_ref idref="oc-18c"/>
      </symbol>
      <symbol id="sm-425">
         <name>__aeabi_ui2d</name>
         <value>0x1871</value>
         <object_component_ref idref="oc-17d"/>
      </symbol>
      <symbol id="sm-43e">
         <name>__TI_zero_init_nomemset</name>
         <value>0x19a1</value>
         <object_component_ref idref="oc-40"/>
      </symbol>
      <symbol id="sm-455">
         <name>__TI_decompress_none</name>
         <value>0x19d3</value>
         <object_component_ref idref="oc-1a"/>
      </symbol>
      <symbol id="sm-478">
         <name>__TI_decompress_lzss</name>
         <value>0x133b</value>
         <object_component_ref idref="oc-14"/>
      </symbol>
      <symbol id="sm-48b">
         <name>__stack</name>
         <value>0x2000fe00</value>
         <object_component_ref idref="oc-26"/>
      </symbol>
      <symbol id="sm-48c">
         <name>_c_int00_noargs</name>
         <value>0x173d</value>
         <object_component_ref idref="oc-52"/>
      </symbol>
      <symbol id="sm-4a7">
         <name>memcpy</name>
         <value>0x10a7</value>
         <object_component_ref idref="oc-34"/>
      </symbol>
      <symbol id="sm-4a8">
         <name>__aeabi_memcpy</name>
         <value>0x10a7</value>
         <object_component_ref idref="oc-34"/>
      </symbol>
      <symbol id="sm-4a9">
         <name>__aeabi_memcpy8</name>
         <value>0x10a7</value>
         <object_component_ref idref="oc-34"/>
      </symbol>
      <symbol id="sm-4aa">
         <name>__aeabi_memcpy4</name>
         <value>0x10a7</value>
         <object_component_ref idref="oc-34"/>
      </symbol>
      <symbol id="sm-4d3">
         <name>__TI_auto_init_nobinit_nopinit</name>
         <value>0x1555</value>
         <object_component_ref idref="oc-136"/>
      </symbol>
      <symbol id="sm-4dd">
         <name>_system_pre_init</name>
         <value>0x19f7</value>
         <object_component_ref idref="oc-96"/>
      </symbol>
      <symbol id="sm-4e9">
         <name>C$$EXIT</name>
         <value>0x19fb</value>
         <object_component_ref idref="oc-12a"/>
      </symbol>
      <symbol id="sm-4ea">
         <name>abort</name>
         <value>0x19fb</value>
         <object_component_ref idref="oc-12a"/>
      </symbol>
      <symbol id="sm-4ed">
         <name>__TI_static_base__</name>
         <value>0x0</value>
      </symbol>
      <symbol id="sm-4f0">
         <name>__mpu_init</name>
         <value>0x0</value>
      </symbol>
      <symbol id="sm-4f1">
         <name>_system_post_cinit</name>
         <value>0x0</value>
      </symbol>
      <symbol id="sm-4f2">
         <name>NMI_Handler</name>
         <value>0x473</value>
      </symbol>
      <symbol id="sm-4f3">
         <name>HardFault_Handler</name>
         <value>0x473</value>
      </symbol>
      <symbol id="sm-4f4">
         <name>MemManage_Handler</name>
         <value>0x473</value>
      </symbol>
      <symbol id="sm-4f5">
         <name>BusFault_Handler</name>
         <value>0x473</value>
      </symbol>
      <symbol id="sm-4f6">
         <name>UsageFault_Handler</name>
         <value>0x473</value>
      </symbol>
      <symbol id="sm-4f7">
         <name>SVC_Handler</name>
         <value>0x473</value>
      </symbol>
      <symbol id="sm-4f8">
         <name>DebugMon_Handler</name>
         <value>0x473</value>
      </symbol>
      <symbol id="sm-4f9">
         <name>PendSV_Handler</name>
         <value>0x473</value>
      </symbol>
      <symbol id="sm-4fa">
         <name>SysTick_Handler</name>
         <value>0x473</value>
      </symbol>
      <symbol id="sm-4fb">
         <name>PSS_IRQHandler</name>
         <value>0x473</value>
      </symbol>
      <symbol id="sm-4fc">
         <name>CS_IRQHandler</name>
         <value>0x473</value>
      </symbol>
      <symbol id="sm-4fd">
         <name>PCM_IRQHandler</name>
         <value>0x473</value>
      </symbol>
      <symbol id="sm-4fe">
         <name>WDT_A_IRQHandler</name>
         <value>0x473</value>
      </symbol>
      <symbol id="sm-4ff">
         <name>FPU_IRQHandler</name>
         <value>0x473</value>
      </symbol>
      <symbol id="sm-500">
         <name>FLCTL_IRQHandler</name>
         <value>0x473</value>
      </symbol>
      <symbol id="sm-501">
         <name>COMP_E0_IRQHandler</name>
         <value>0x473</value>
      </symbol>
      <symbol id="sm-502">
         <name>COMP_E1_IRQHandler</name>
         <value>0x473</value>
      </symbol>
      <symbol id="sm-503">
         <name>TA0_0_IRQHandler</name>
         <value>0x473</value>
      </symbol>
      <symbol id="sm-504">
         <name>TA0_N_IRQHandler</name>
         <value>0x473</value>
      </symbol>
      <symbol id="sm-505">
         <name>TA1_0_IRQHandler</name>
         <value>0x473</value>
      </symbol>
      <symbol id="sm-506">
         <name>TA1_N_IRQHandler</name>
         <value>0x473</value>
      </symbol>
      <symbol id="sm-507">
         <name>TA2_0_IRQHandler</name>
         <value>0x473</value>
      </symbol>
      <symbol id="sm-508">
         <name>TA2_N_IRQHandler</name>
         <value>0x473</value>
      </symbol>
      <symbol id="sm-509">
         <name>TA3_0_IRQHandler</name>
         <value>0x473</value>
      </symbol>
      <symbol id="sm-50a">
         <name>TA3_N_IRQHandler</name>
         <value>0x473</value>
      </symbol>
      <symbol id="sm-50b">
         <name>EUSCIA0_IRQHandler</name>
         <value>0x473</value>
      </symbol>
      <symbol id="sm-50c">
         <name>EUSCIA1_IRQHandler</name>
         <value>0x473</value>
      </symbol>
      <symbol id="sm-50d">
         <name>EUSCIA2_IRQHandler</name>
         <value>0x473</value>
      </symbol>
      <symbol id="sm-50e">
         <name>EUSCIA3_IRQHandler</name>
         <value>0x473</value>
      </symbol>
      <symbol id="sm-50f">
         <name>EUSCIB0_IRQHandler</name>
         <value>0x473</value>
      </symbol>
      <symbol id="sm-510">
         <name>EUSCIB1_IRQHandler</name>
         <value>0x473</value>
      </symbol>
      <symbol id="sm-511">
         <name>EUSCIB2_IRQHandler</name>
         <value>0x473</value>
      </symbol>
      <symbol id="sm-512">
         <name>EUSCIB3_IRQHandler</name>
         <value>0x473</value>
      </symbol>
      <symbol id="sm-513">
         <name>ADC14_IRQHandler</name>
         <value>0x475</value>
      </symbol>
      <symbol id="sm-514">
         <name>T32_INT1_IRQHandler</name>
         <value>0x473</value>
      </symbol>
      <symbol id="sm-515">
         <name>T32_INT2_IRQHandler</name>
         <value>0x473</value>
      </symbol>
      <symbol id="sm-516">
         <name>T32_INTC_IRQHandler</name>
         <value>0x473</value>
      </symbol>
      <symbol id="sm-517">
         <name>AES256_IRQHandler</name>
         <value>0x473</value>
      </symbol>
      <symbol id="sm-518">
         <name>RTC_C_IRQHandler</name>
         <value>0x473</value>
      </symbol>
      <symbol id="sm-519">
         <name>DMA_ERR_IRQHandler</name>
         <value>0x473</value>
      </symbol>
      <symbol id="sm-51a">
         <name>DMA_INT3_IRQHandler</name>
         <value>0x473</value>
      </symbol>
      <symbol id="sm-51b">
         <name>DMA_INT2_IRQHandler</name>
         <value>0x473</value>
      </symbol>
      <symbol id="sm-51c">
         <name>DMA_INT1_IRQHandler</name>
         <value>0x473</value>
      </symbol>
      <symbol id="sm-51d">
         <name>DMA_INT0_IRQHandler</name>
         <value>0x473</value>
      </symbol>
      <symbol id="sm-51e">
         <name>PORT1_IRQHandler</name>
         <value>0x473</value>
      </symbol>
      <symbol id="sm-51f">
         <name>PORT2_IRQHandler</name>
         <value>0x473</value>
      </symbol>
      <symbol id="sm-520">
         <name>PORT3_IRQHandler</name>
         <value>0x473</value>
      </symbol>
      <symbol id="sm-521">
         <name>PORT4_IRQHandler</name>
         <value>0x473</value>
      </symbol>
      <symbol id="sm-522">
         <name>PORT5_IRQHandler</name>
         <value>0x473</value>
      </symbol>
      <symbol id="sm-523">
         <name>PORT6_IRQHandler</name>
         <value>0x473</value>
      </symbol>
   </symbol_table>
   <title>Link successful</title>
</link_info>
